RUN case=model mame_commit=a5cc550d0a2cf7218cbd94c1a0780f7a713f8d8e
RUN rom_sha256=e262e6aa26ddf6c7c8aa02f636d422709309e0a08945739b84886204d1693e33
[:xdata] XDATA model storage=enabled unknown_read=open-bus-ff xram_approx=0000-03ff
Soft reset
[:maincpu] write of un-hooked port 3 fd
[:maincpu] write of un-hooked port 2 ff
[:maincpu] write of un-hooked port 1 ff
[:maincpu] write of un-hooked port 0 ff
[:maincpu] ':maincpu' (0075): unmapped sfr memory read from A9 & FF
[:xdata] XDATA first op=W addr=a081 pc=5c0c value=01 class=asic-register-unknown unknown=0
[:xdata] XDATA first op=W addr=a010 pc=5c12 value=81 class=asic-register-unknown unknown=0
[:xdata] XDATA first op=W addr=a011 pc=5c16 value=81 class=asic-register-unknown unknown=0
[:xdata] XDATA first op=W addr=a040 pc=5c1c value=ff class=output-latch unknown=0
[:xdata] XDATA first op=W addr=a041 pc=5c20 value=ff class=output-latch unknown=0
[:xdata] XDATA first op=W addr=a002 pc=5c26 value=00 class=asic-register-unknown unknown=0
[:xdata] XDATA first op=W addr=a003 pc=5c2a value=00 class=asic-register-unknown unknown=0
[:xdata] XDATA first op=W addr=a004 pc=5c2e value=00 class=asic-register-unknown unknown=0
[:xdata] XDATA first op=W addr=a005 pc=5c32 value=00 class=asic-register-unknown unknown=0
[:xdata] XDATA first op=W addr=a008 pc=5c38 value=00 class=asic-register-unknown unknown=0
[:xdata] XDATA first op=W addr=a009 pc=5c3c value=00 class=asic-register-unknown unknown=0
[:xdata] XDATA first op=W addr=a021 pc=5c42 value=d7 class=asic-register-unknown unknown=0
[:xdata] XDATA first op=W addr=a020 pc=5c48 value=ff class=asic-register-unknown unknown=0
[:xdata] XDATA first op=W addr=0162 pc=5c4e value=d7 class=retained-xram-approx unknown=0
[:maincpu] write of un-hooked port 2 00
[:xdata] XDATA first op=R addr=0000 pc=5c54 value=00 class=retained-xram-approx unknown=0
[:maincpu] write of un-hooked port 2 01
[:xdata] XDATA first op=W addr=015b pc=5c78 value=00 class=retained-xram-approx unknown=0
[:maincpu] write of un-hooked port 2 00
[:maincpu] write of un-hooked port 2 01
[:xdata] XDATA first op=R addr=015b pc=5c81 value=00 class=retained-xram-approx unknown=0
[:maincpu] write of un-hooked port 2 02
[:xdata] XDATA first op=W addr=020b pc=5c8a value=00 class=retained-xram-approx unknown=0
[:xdata] XDATA first op=W addr=020c pc=5c8f value=aa class=retained-xram-approx unknown=0
[:maincpu] read of un-hooked port 5 (PC=5C9F)
[:maincpu] write of un-hooked port 5 ff
[:maincpu] write of un-hooked port 2 00
[:maincpu] write of un-hooked port 2 01
[:maincpu] write of un-hooked port 2 00
[:xdata] XDATA first op=W addr=00f1 pc=8fa6 value=00 class=retained-xram-approx unknown=0
[:xdata] XDATA first op=W addr=00f0 pc=8fa6 value=00 class=retained-xram-approx unknown=0
[:xdata] XDATA first op=W addr=00ef pc=8fa6 value=00 class=retained-xram-approx unknown=0
[:xdata] XDATA first op=W addr=00ee pc=8fa6 value=00 class=retained-xram-approx unknown=0
[:xdata] XDATA first op=W addr=00ed pc=8fa6 value=00 class=retained-xram-approx unknown=0
[:xdata] XDATA first op=W addr=00ec pc=8fa6 value=00 class=retained-xram-approx unknown=0
[:xdata] XDATA first op=W addr=00eb pc=8fa6 value=00 class=retained-xram-approx unknown=0
[:xdata] XDATA first op=W addr=00ea pc=8fa6 value=00 class=retained-xram-approx unknown=0
[:xdata] XDATA first op=W addr=00e9 pc=8fa6 value=00 class=retained-xram-approx unknown=0
[:xdata] XDATA first op=W addr=00e8 pc=8fa6 value=00 class=retained-xram-approx unknown=0
[:xdata] XDATA first op=W addr=00e7 pc=8fa6 value=00 class=retained-xram-approx unknown=0
[:xdata] XDATA first op=W addr=00e6 pc=8fa6 value=00 class=retained-xram-approx unknown=0
[:xdata] XDATA first op=W addr=00e5 pc=8fa6 value=00 class=retained-xram-approx unknown=0
[:xdata] XDATA first op=W addr=00e4 pc=8fa6 value=00 class=retained-xram-approx unknown=0
[:xdata] XDATA first op=W addr=00e3 pc=8fa6 value=00 class=retained-xram-approx unknown=0
[:xdata] XDATA first op=W addr=00e2 pc=8fa6 value=00 class=retained-xram-approx unknown=0
[:xdata] XDATA first op=W addr=00e1 pc=8fa6 value=00 class=retained-xram-approx unknown=0
[:xdata] XDATA first op=W addr=00e0 pc=8fa6 value=00 class=retained-xram-approx unknown=0
[:xdata] XDATA first op=W addr=00df pc=8fa6 value=00 class=retained-xram-approx unknown=0
[:xdata] XDATA first op=W addr=00de pc=8fa6 value=00 class=retained-xram-approx unknown=0
[:xdata] XDATA first op=W addr=00dd pc=8fa6 value=00 class=retained-xram-approx unknown=0
[:xdata] XDATA first op=W addr=00dc pc=8fa6 value=00 class=retained-xram-approx unknown=0
[:xdata] XDATA first op=W addr=00db pc=8fa6 value=00 class=retained-xram-approx unknown=0
[:xdata] XDATA first op=W addr=00da pc=8fa6 value=00 class=retained-xram-approx unknown=0
[:xdata] XDATA first op=W addr=00d9 pc=8fa6 value=00 class=retained-xram-approx unknown=0
[:xdata] XDATA first op=W addr=00d8 pc=8fa6 value=00 class=retained-xram-approx unknown=0
[:xdata] XDATA first op=W addr=00d7 pc=8fa6 value=00 class=retained-xram-approx unknown=0
[:xdata] XDATA first op=W addr=00d6 pc=8fa6 value=00 class=retained-xram-approx unknown=0
[:xdata] XDATA first op=W addr=00d5 pc=8fa6 value=00 class=retained-xram-approx unknown=0
[:xdata] XDATA first op=W addr=00d4 pc=8fa6 value=00 class=retained-xram-approx unknown=0
[:xdata] XDATA first op=W addr=00d3 pc=8fa6 value=00 class=retained-xram-approx unknown=0
[:xdata] XDATA first op=W addr=00d2 pc=8fa6 value=00 class=retained-xram-approx unknown=0
[:xdata] XDATA first op=W addr=00d1 pc=8fa6 value=00 class=retained-xram-approx unknown=0
[:xdata] XDATA first op=W addr=00d0 pc=8fa6 value=00 class=retained-xram-approx unknown=0
[:xdata] XDATA first op=W addr=00cf pc=8fa6 value=00 class=retained-xram-approx unknown=0
[:xdata] XDATA first op=W addr=00ce pc=8fa6 value=00 class=retained-xram-approx unknown=0
[:xdata] XDATA first op=W addr=00cd pc=8fa6 value=00 class=retained-xram-approx unknown=0
[:xdata] XDATA first op=W addr=00cc pc=8fa6 value=00 class=retained-xram-approx unknown=0
[:xdata] XDATA first op=W addr=00cb pc=8fa6 value=00 class=retained-xram-approx unknown=0
[:xdata] XDATA first op=W addr=00ca pc=8fa6 value=00 class=retained-xram-approx unknown=0
[:xdata] XDATA first op=W addr=00c9 pc=8fa6 value=00 class=retained-xram-approx unknown=0
[:xdata] XDATA first op=W addr=00c8 pc=8fa6 value=00 class=retained-xram-approx unknown=0
[:xdata] XDATA first op=W addr=00c7 pc=8fa6 value=00 class=retained-xram-approx unknown=0
[:xdata] XDATA first op=W addr=00c6 pc=8fa6 value=00 class=retained-xram-approx unknown=0
[:xdata] XDATA first op=W addr=00c5 pc=8fa6 value=00 class=retained-xram-approx unknown=0
[:xdata] XDATA first op=W addr=00c4 pc=8fa6 value=00 class=retained-xram-approx unknown=0
[:xdata] XDATA first op=W addr=00c3 pc=8fa6 value=00 class=retained-xram-approx unknown=0
[:xdata] XDATA first op=W addr=00c2 pc=8fa6 value=00 class=retained-xram-approx unknown=0
[:xdata] XDATA first op=W addr=00c1 pc=8fa6 value=00 class=retained-xram-approx unknown=0
[:xdata] XDATA first op=W addr=00c0 pc=8fa6 value=00 class=retained-xram-approx unknown=0
[:xdata] XDATA first op=W addr=00bf pc=8fa6 value=00 class=retained-xram-approx unknown=0
[:xdata] XDATA first op=W addr=00be pc=8fa6 value=00 class=retained-xram-approx unknown=0
[:xdata] XDATA first op=W addr=00bd pc=8fa6 value=00 class=retained-xram-approx unknown=0
[:xdata] XDATA first op=W addr=00bc pc=8fa6 value=00 class=retained-xram-approx unknown=0
[:xdata] XDATA first op=W addr=00bb pc=8fa6 value=00 class=retained-xram-approx unknown=0
[:xdata] XDATA first op=W addr=00ba pc=8fa6 value=00 class=retained-xram-approx unknown=0
[:xdata] XDATA first op=W addr=00b9 pc=8fa6 value=00 class=retained-xram-approx unknown=0
[:xdata] XDATA first op=W addr=00b8 pc=8fa6 value=00 class=retained-xram-approx unknown=0
[:xdata] XDATA first op=W addr=00b7 pc=8fa6 value=00 class=retained-xram-approx unknown=0
[:xdata] XDATA first op=W addr=00b6 pc=8fa6 value=00 class=retained-xram-approx unknown=0
[:xdata] XDATA first op=W addr=00b5 pc=8fa6 value=00 class=retained-xram-approx unknown=0
[:xdata] XDATA first op=W addr=00b4 pc=8fa6 value=00 class=retained-xram-approx unknown=0
[:xdata] XDATA first op=W addr=00b3 pc=8fa6 value=00 class=retained-xram-approx unknown=0
[:xdata] XDATA first op=W addr=00b2 pc=8fa6 value=00 class=retained-xram-approx unknown=0
[:xdata] XDATA first op=W addr=00b1 pc=8fa6 value=00 class=retained-xram-approx unknown=0
[:xdata] XDATA first op=W addr=00b0 pc=8fa6 value=00 class=retained-xram-approx unknown=0
[:xdata] XDATA first op=W addr=00af pc=8fa6 value=00 class=retained-xram-approx unknown=0
[:xdata] XDATA first op=W addr=00ae pc=8fa6 value=00 class=retained-xram-approx unknown=0
[:xdata] XDATA first op=W addr=00ad pc=8fa6 value=00 class=retained-xram-approx unknown=0
[:xdata] XDATA first op=W addr=00ac pc=8fa6 value=00 class=retained-xram-approx unknown=0
[:xdata] XDATA first op=W addr=00ab pc=8fa6 value=00 class=retained-xram-approx unknown=0
[:xdata] XDATA first op=W addr=00aa pc=8fa6 value=00 class=retained-xram-approx unknown=0
[:xdata] XDATA first op=W addr=00a9 pc=8fa6 value=00 class=retained-xram-approx unknown=0
[:xdata] XDATA first op=W addr=00a8 pc=8fa6 value=00 class=retained-xram-approx unknown=0
[:xdata] XDATA first op=W addr=00a7 pc=8fa6 value=00 class=retained-xram-approx unknown=0
[:xdata] XDATA first op=W addr=00a6 pc=8fa6 value=00 class=retained-xram-approx unknown=0
[:xdata] XDATA first op=W addr=00a5 pc=8fa6 value=00 class=retained-xram-approx unknown=0
[:xdata] XDATA first op=W addr=00a4 pc=8fa6 value=00 class=retained-xram-approx unknown=0
[:xdata] XDATA first op=W addr=00a3 pc=8fa6 value=00 class=retained-xram-approx unknown=0
[:xdata] XDATA first op=W addr=00a2 pc=8fa6 value=00 class=retained-xram-approx unknown=0
[:xdata] XDATA first op=W addr=00a1 pc=8fa6 value=00 class=retained-xram-approx unknown=0
[:xdata] XDATA first op=W addr=00a0 pc=8fa6 value=00 class=retained-xram-approx unknown=0
[:xdata] XDATA first op=W addr=009f pc=8fa6 value=00 class=retained-xram-approx unknown=0
[:xdata] XDATA first op=W addr=009e pc=8fa6 value=00 class=retained-xram-approx unknown=0
[:xdata] XDATA first op=W addr=009d pc=8fa6 value=00 class=retained-xram-approx unknown=0
[:xdata] XDATA first op=W addr=009c pc=8fa6 value=00 class=retained-xram-approx unknown=0
[:xdata] XDATA first op=W addr=009b pc=8fa6 value=00 class=retained-xram-approx unknown=0
[:xdata] XDATA first op=W addr=009a pc=8fa6 value=00 class=retained-xram-approx unknown=0
[:xdata] XDATA first op=W addr=0099 pc=8fa6 value=00 class=retained-xram-approx unknown=0
[:xdata] XDATA first op=W addr=0098 pc=8fa6 value=00 class=retained-xram-approx unknown=0
[:xdata] XDATA first op=W addr=0097 pc=8fa6 value=00 class=retained-xram-approx unknown=0
[:xdata] XDATA first op=W addr=0096 pc=8fa6 value=00 class=retained-xram-approx unknown=0
[:xdata] XDATA first op=W addr=0095 pc=8fa6 value=00 class=retained-xram-approx unknown=0
[:xdata] XDATA first op=W addr=0094 pc=8fa6 value=00 class=retained-xram-approx unknown=0
[:xdata] XDATA first op=W addr=0093 pc=8fa6 value=00 class=retained-xram-approx unknown=0
[:xdata] XDATA first op=W addr=0092 pc=8fa6 value=00 class=retained-xram-approx unknown=0
[:xdata] XDATA first op=W addr=0091 pc=8fa6 value=00 class=retained-xram-approx unknown=0
[:xdata] XDATA first op=W addr=0090 pc=8fa6 value=00 class=retained-xram-approx unknown=0
[:xdata] XDATA first op=W addr=008f pc=8fa6 value=00 class=retained-xram-approx unknown=0
[:xdata] XDATA first op=W addr=008e pc=8fa6 value=00 class=retained-xram-approx unknown=0
[:xdata] XDATA first op=W addr=008d pc=8fa6 value=00 class=retained-xram-approx unknown=0
[:xdata] XDATA first op=W addr=008c pc=8fa6 value=00 class=retained-xram-approx unknown=0
[:xdata] XDATA first op=W addr=008b pc=8fa6 value=00 class=retained-xram-approx unknown=0
[:xdata] XDATA first op=W addr=008a pc=8fa6 value=00 class=retained-xram-approx unknown=0
[:xdata] XDATA first op=W addr=0089 pc=8fa6 value=00 class=retained-xram-approx unknown=0
[:xdata] XDATA first op=W addr=0088 pc=8fa6 value=00 class=retained-xram-approx unknown=0
[:xdata] XDATA first op=W addr=0087 pc=8fa6 value=00 class=retained-xram-approx unknown=0
[:xdata] XDATA first op=W addr=0086 pc=8fa6 value=00 class=retained-xram-approx unknown=0
[:xdata] XDATA first op=W addr=0085 pc=8fa6 value=00 class=retained-xram-approx unknown=0
[:xdata] XDATA first op=W addr=0084 pc=8fa6 value=00 class=retained-xram-approx unknown=0
[:xdata] XDATA first op=W addr=0083 pc=8fa6 value=00 class=retained-xram-approx unknown=0
[:xdata] XDATA first op=W addr=0082 pc=8fa6 value=00 class=retained-xram-approx unknown=0
[:xdata] XDATA first op=W addr=0081 pc=8fa6 value=00 class=retained-xram-approx unknown=0
[:xdata] XDATA first op=W addr=0080 pc=8fa6 value=00 class=retained-xram-approx unknown=0
[:xdata] XDATA first op=W addr=0300 pc=8faf value=00 class=retained-xram-approx unknown=0
[:xdata] XDATA first op=W addr=0301 pc=8faf value=00 class=retained-xram-approx unknown=0
[:xdata] XDATA first op=W addr=0302 pc=8faf value=00 class=retained-xram-approx unknown=0
[:xdata] XDATA first op=W addr=0303 pc=8faf value=00 class=retained-xram-approx unknown=0
[:xdata] XDATA first op=W addr=0304 pc=8faf value=00 class=retained-xram-approx unknown=0
[:xdata] XDATA first op=W addr=0305 pc=8faf value=00 class=retained-xram-approx unknown=0
[:xdata] XDATA first op=W addr=0306 pc=8faf value=00 class=retained-xram-approx unknown=0
[:xdata] XDATA first op=W addr=0307 pc=8faf value=00 class=retained-xram-approx unknown=0
[:xdata] XDATA first op=W addr=0308 pc=8faf value=00 class=retained-xram-approx unknown=0
[:xdata] XDATA first op=W addr=0309 pc=8faf value=00 class=retained-xram-approx unknown=0
[:xdata] XDATA first op=W addr=030a pc=8faf value=00 class=retained-xram-approx unknown=0
[:xdata] XDATA first op=W addr=030b pc=8faf value=00 class=retained-xram-approx unknown=0
[:xdata] XDATA first op=W addr=030c pc=8faf value=00 class=retained-xram-approx unknown=0
[:xdata] XDATA first op=W addr=030d pc=8faf value=00 class=retained-xram-approx unknown=0
[:xdata] XDATA first op=W addr=030e pc=8faf value=00 class=retained-xram-approx unknown=0
[:xdata] XDATA first op=W addr=030f pc=8faf value=00 class=retained-xram-approx unknown=0
[:xdata] XDATA first op=W addr=0310 pc=8faf value=00 class=retained-xram-approx unknown=0
[:xdata] XDATA first op=W addr=0311 pc=8faf value=00 class=retained-xram-approx unknown=0
[:xdata] XDATA first op=W addr=0312 pc=8faf value=00 class=retained-xram-approx unknown=0
[:xdata] XDATA first op=W addr=0313 pc=8faf value=00 class=retained-xram-approx unknown=0
[:xdata] XDATA first op=W addr=0314 pc=8faf value=00 class=retained-xram-approx unknown=0
[:xdata] XDATA first op=W addr=0315 pc=8faf value=00 class=retained-xram-approx unknown=0
[:xdata] XDATA first op=W addr=0316 pc=8faf value=00 class=retained-xram-approx unknown=0
[:xdata] XDATA first op=W addr=0317 pc=8faf value=00 class=retained-xram-approx unknown=0
[:xdata] XDATA first op=W addr=0318 pc=8faf value=00 class=retained-xram-approx unknown=0
[:xdata] XDATA first op=W addr=0319 pc=8faf value=00 class=retained-xram-approx unknown=0
[:xdata] XDATA first op=W addr=031a pc=8faf value=00 class=retained-xram-approx unknown=0
[:xdata] XDATA first op=W addr=031b pc=8faf value=00 class=retained-xram-approx unknown=0
[:xdata] XDATA first op=W addr=031c pc=8faf value=00 class=retained-xram-approx unknown=0
[:xdata] XDATA first op=W addr=031d pc=8faf value=00 class=retained-xram-approx unknown=0
[:xdata] XDATA first op=W addr=031e pc=8faf value=00 class=retained-xram-approx unknown=0
[:xdata] XDATA first op=W addr=031f pc=8faf value=00 class=retained-xram-approx unknown=0
[:xdata] XDATA first op=W addr=0320 pc=8faf value=00 class=retained-xram-approx unknown=0
[:xdata] XDATA first op=W addr=0321 pc=8faf value=00 class=retained-xram-approx unknown=0
[:xdata] XDATA first op=W addr=0322 pc=8faf value=00 class=retained-xram-approx unknown=0
[:xdata] XDATA first op=W addr=0323 pc=8faf value=00 class=retained-xram-approx unknown=0
[:xdata] XDATA first op=W addr=0324 pc=8faf value=00 class=retained-xram-approx unknown=0
[:xdata] XDATA first op=W addr=0325 pc=8faf value=00 class=retained-xram-approx unknown=0
[:xdata] XDATA first op=W addr=0326 pc=8faf value=00 class=retained-xram-approx unknown=0
[:xdata] XDATA first op=W addr=0327 pc=8faf value=00 class=retained-xram-approx unknown=0
[:xdata] XDATA first op=W addr=0328 pc=8faf value=00 class=retained-xram-approx unknown=0
[:xdata] XDATA first op=W addr=0329 pc=8faf value=00 class=retained-xram-approx unknown=0
[:xdata] XDATA first op=W addr=032a pc=8faf value=00 class=retained-xram-approx unknown=0
[:xdata] XDATA first op=W addr=032b pc=8faf value=00 class=retained-xram-approx unknown=0
[:xdata] XDATA first op=W addr=032c pc=8faf value=00 class=retained-xram-approx unknown=0
[:xdata] XDATA first op=W addr=032d pc=8faf value=00 class=retained-xram-approx unknown=0
[:xdata] XDATA first op=W addr=032e pc=8faf value=00 class=retained-xram-approx unknown=0
[:xdata] XDATA first op=W addr=032f pc=8faf value=00 class=retained-xram-approx unknown=0
[:xdata] XDATA first op=W addr=0330 pc=8faf value=00 class=retained-xram-approx unknown=0
[:xdata] XDATA first op=W addr=0331 pc=8faf value=00 class=retained-xram-approx unknown=0
[:xdata] XDATA first op=W addr=0332 pc=8faf value=00 class=retained-xram-approx unknown=0
[:xdata] XDATA first op=W addr=0333 pc=8faf value=00 class=retained-xram-approx unknown=0
[:xdata] XDATA first op=W addr=0334 pc=8faf value=00 class=retained-xram-approx unknown=0
[:xdata] XDATA first op=W addr=0335 pc=8faf value=00 class=retained-xram-approx unknown=0
[:xdata] XDATA first op=W addr=0336 pc=8faf value=00 class=retained-xram-approx unknown=0
[:xdata] XDATA first op=W addr=0337 pc=8faf value=00 class=retained-xram-approx unknown=0
[:xdata] XDATA first op=W addr=0338 pc=8faf value=00 class=retained-xram-approx unknown=0
[:xdata] XDATA first op=W addr=0339 pc=8faf value=00 class=retained-xram-approx unknown=0
[:xdata] XDATA first op=W addr=033a pc=8faf value=00 class=retained-xram-approx unknown=0
[:xdata] XDATA first op=W addr=033b pc=8faf value=00 class=retained-xram-approx unknown=0
[:xdata] XDATA first op=W addr=033c pc=8faf value=00 class=retained-xram-approx unknown=0
[:xdata] XDATA first op=W addr=033d pc=8faf value=00 class=retained-xram-approx unknown=0
[:xdata] XDATA first op=W addr=033e pc=8faf value=00 class=retained-xram-approx unknown=0
[:xdata] XDATA first op=W addr=033f pc=8faf value=00 class=retained-xram-approx unknown=0
[:xdata] XDATA first op=W addr=0340 pc=8faf value=00 class=retained-xram-approx unknown=0
[:xdata] XDATA first op=W addr=0341 pc=8faf value=00 class=retained-xram-approx unknown=0
[:xdata] XDATA first op=W addr=0342 pc=8faf value=00 class=retained-xram-approx unknown=0
[:xdata] XDATA first op=W addr=0343 pc=8faf value=00 class=retained-xram-approx unknown=0
[:xdata] XDATA first op=W addr=0344 pc=8faf value=00 class=retained-xram-approx unknown=0
[:xdata] XDATA first op=W addr=0345 pc=8faf value=00 class=retained-xram-approx unknown=0
[:xdata] XDATA first op=W addr=0346 pc=8faf value=00 class=retained-xram-approx unknown=0
[:xdata] XDATA first op=W addr=0347 pc=8faf value=00 class=retained-xram-approx unknown=0
[:xdata] XDATA first op=W addr=0348 pc=8faf value=00 class=retained-xram-approx unknown=0
[:xdata] XDATA first op=W addr=0349 pc=8faf value=00 class=retained-xram-approx unknown=0
[:xdata] XDATA first op=W addr=034a pc=8faf value=00 class=retained-xram-approx unknown=0
[:xdata] XDATA first op=W addr=034b pc=8faf value=00 class=retained-xram-approx unknown=0
[:xdata] XDATA first op=W addr=034c pc=8faf value=00 class=retained-xram-approx unknown=0
[:xdata] XDATA first op=W addr=034d pc=8faf value=00 class=retained-xram-approx unknown=0
[:xdata] XDATA first op=W addr=034e pc=8faf value=00 class=retained-xram-approx unknown=0
[:xdata] XDATA first op=W addr=034f pc=8faf value=00 class=retained-xram-approx unknown=0
[:xdata] XDATA first op=W addr=0350 pc=8faf value=00 class=retained-xram-approx unknown=0
[:xdata] XDATA first op=W addr=0351 pc=8faf value=00 class=retained-xram-approx unknown=0
[:xdata] XDATA first op=W addr=0352 pc=8faf value=00 class=retained-xram-approx unknown=0
[:xdata] XDATA first op=W addr=0353 pc=8faf value=00 class=retained-xram-approx unknown=0
[:xdata] XDATA first op=W addr=0354 pc=8faf value=00 class=retained-xram-approx unknown=0
[:xdata] XDATA first op=W addr=0355 pc=8faf value=00 class=retained-xram-approx unknown=0
[:xdata] XDATA first op=W addr=0356 pc=8faf value=00 class=retained-xram-approx unknown=0
[:xdata] XDATA first op=W addr=0357 pc=8faf value=00 class=retained-xram-approx unknown=0
[:xdata] XDATA first op=W addr=0358 pc=8faf value=00 class=retained-xram-approx unknown=0
[:xdata] XDATA first op=W addr=0359 pc=8faf value=00 class=retained-xram-approx unknown=0
[:xdata] XDATA first op=W addr=035a pc=8faf value=00 class=retained-xram-approx unknown=0
[:xdata] XDATA first op=W addr=035b pc=8faf value=00 class=retained-xram-approx unknown=0
[:xdata] XDATA first op=W addr=035c pc=8faf value=00 class=retained-xram-approx unknown=0
[:xdata] XDATA first op=W addr=035d pc=8faf value=00 class=retained-xram-approx unknown=0
[:xdata] XDATA first op=W addr=035e pc=8faf value=00 class=retained-xram-approx unknown=0
[:xdata] XDATA first op=W addr=035f pc=8faf value=00 class=retained-xram-approx unknown=0
[:xdata] XDATA first op=W addr=0360 pc=8faf value=00 class=retained-xram-approx unknown=0
[:xdata] XDATA first op=W addr=0361 pc=8faf value=00 class=retained-xram-approx unknown=0
[:xdata] XDATA first op=W addr=0362 pc=8faf value=00 class=retained-xram-approx unknown=0
[:xdata] XDATA first op=W addr=0363 pc=8faf value=00 class=retained-xram-approx unknown=0
[:xdata] XDATA first op=W addr=0364 pc=8faf value=00 class=retained-xram-approx unknown=0
[:xdata] XDATA first op=W addr=0365 pc=8faf value=00 class=retained-xram-approx unknown=0
[:xdata] XDATA first op=W addr=0366 pc=8faf value=00 class=retained-xram-approx unknown=0
[:xdata] XDATA first op=W addr=0367 pc=8faf value=00 class=retained-xram-approx unknown=0
[:xdata] XDATA first op=W addr=0368 pc=8faf value=00 class=retained-xram-approx unknown=0
[:xdata] XDATA first op=W addr=0369 pc=8faf value=00 class=retained-xram-approx unknown=0
[:xdata] XDATA first op=W addr=036a pc=8faf value=00 class=retained-xram-approx unknown=0
[:xdata] XDATA first op=W addr=036b pc=8faf value=00 class=retained-xram-approx unknown=0
[:xdata] XDATA first op=W addr=036c pc=8faf value=00 class=retained-xram-approx unknown=0
[:xdata] XDATA first op=W addr=036d pc=8faf value=00 class=retained-xram-approx unknown=0
[:xdata] XDATA first op=W addr=036e pc=8faf value=00 class=retained-xram-approx unknown=0
[:xdata] XDATA first op=W addr=036f pc=8faf value=00 class=retained-xram-approx unknown=0
[:xdata] XDATA first op=W addr=0370 pc=8faf value=00 class=retained-xram-approx unknown=0
[:xdata] XDATA first op=W addr=0371 pc=8faf value=00 class=retained-xram-approx unknown=0
[:xdata] XDATA first op=W addr=0372 pc=8faf value=00 class=retained-xram-approx unknown=0
[:xdata] XDATA first op=W addr=0373 pc=8faf value=00 class=retained-xram-approx unknown=0
[:xdata] XDATA first op=W addr=0374 pc=8faf value=00 class=retained-xram-approx unknown=0
[:xdata] XDATA first op=W addr=0375 pc=8faf value=00 class=retained-xram-approx unknown=0
[:xdata] XDATA first op=W addr=0376 pc=8faf value=00 class=retained-xram-approx unknown=0
[:xdata] XDATA first op=W addr=0377 pc=8faf value=00 class=retained-xram-approx unknown=0
[:xdata] XDATA first op=W addr=0378 pc=8faf value=00 class=retained-xram-approx unknown=0
[:xdata] XDATA first op=W addr=0379 pc=8faf value=00 class=retained-xram-approx unknown=0
[:xdata] XDATA first op=W addr=037a pc=8faf value=00 class=retained-xram-approx unknown=0
[:xdata] XDATA first op=W addr=037b pc=8faf value=00 class=retained-xram-approx unknown=0
[:xdata] XDATA first op=W addr=037c pc=8faf value=00 class=retained-xram-approx unknown=0
[:xdata] XDATA first op=W addr=037d pc=8faf value=00 class=retained-xram-approx unknown=0
[:xdata] XDATA first op=W addr=037e pc=8faf value=00 class=retained-xram-approx unknown=0
[:xdata] XDATA first op=W addr=037f pc=8faf value=00 class=retained-xram-approx unknown=0
[:xdata] XDATA first op=W addr=0380 pc=8faf value=00 class=retained-xram-approx unknown=0
[:xdata] XDATA first op=W addr=0381 pc=8faf value=00 class=retained-xram-approx unknown=0
[:xdata] XDATA first op=W addr=0382 pc=8faf value=00 class=retained-xram-approx unknown=0
[:xdata] XDATA first op=W addr=0383 pc=8faf value=00 class=retained-xram-approx unknown=0
[:xdata] XDATA first op=W addr=0384 pc=8faf value=00 class=retained-xram-approx unknown=0
[:xdata] XDATA first op=W addr=0385 pc=8faf value=00 class=retained-xram-approx unknown=0
[:xdata] XDATA first op=W addr=0386 pc=8faf value=00 class=retained-xram-approx unknown=0
[:xdata] XDATA first op=W addr=0387 pc=8faf value=00 class=retained-xram-approx unknown=0
[:xdata] XDATA first op=W addr=0388 pc=8faf value=00 class=retained-xram-approx unknown=0
[:xdata] XDATA first op=W addr=0389 pc=8faf value=00 class=retained-xram-approx unknown=0
[:xdata] XDATA first op=W addr=038a pc=8faf value=00 class=retained-xram-approx unknown=0
[:xdata] XDATA first op=W addr=038b pc=8faf value=00 class=retained-xram-approx unknown=0
[:xdata] XDATA first op=W addr=038c pc=8faf value=00 class=retained-xram-approx unknown=0
[:xdata] XDATA first op=W addr=038d pc=8faf value=00 class=retained-xram-approx unknown=0
[:xdata] XDATA first op=W addr=038e pc=8faf value=00 class=retained-xram-approx unknown=0
[:xdata] XDATA first op=W addr=038f pc=8faf value=00 class=retained-xram-approx unknown=0
[:xdata] XDATA first op=W addr=0390 pc=8faf value=00 class=retained-xram-approx unknown=0
[:xdata] XDATA first op=W addr=0391 pc=8faf value=00 class=retained-xram-approx unknown=0
[:xdata] XDATA first op=W addr=0392 pc=8faf value=00 class=retained-xram-approx unknown=0
[:xdata] XDATA first op=W addr=0393 pc=8faf value=00 class=retained-xram-approx unknown=0
[:xdata] XDATA first op=W addr=0394 pc=8faf value=00 class=retained-xram-approx unknown=0
[:xdata] XDATA first op=W addr=0395 pc=8faf value=00 class=retained-xram-approx unknown=0
[:xdata] XDATA first op=W addr=0396 pc=8faf value=00 class=retained-xram-approx unknown=0
[:xdata] XDATA first op=W addr=0397 pc=8faf value=00 class=retained-xram-approx unknown=0
[:xdata] XDATA first op=W addr=0398 pc=8faf value=00 class=retained-xram-approx unknown=0
[:xdata] XDATA first op=W addr=0399 pc=8faf value=00 class=retained-xram-approx unknown=0
[:xdata] XDATA first op=W addr=039a pc=8faf value=00 class=retained-xram-approx unknown=0
[:xdata] XDATA first op=W addr=039b pc=8faf value=00 class=retained-xram-approx unknown=0
[:xdata] XDATA first op=W addr=039c pc=8faf value=00 class=retained-xram-approx unknown=0
[:xdata] XDATA first op=W addr=039d pc=8faf value=00 class=retained-xram-approx unknown=0
[:xdata] XDATA first op=W addr=039e pc=8faf value=00 class=retained-xram-approx unknown=0
[:xdata] XDATA first op=W addr=039f pc=8faf value=00 class=retained-xram-approx unknown=0
[:xdata] XDATA first op=W addr=03a0 pc=8faf value=00 class=retained-xram-approx unknown=0
[:xdata] XDATA first op=W addr=03a1 pc=8faf value=00 class=retained-xram-approx unknown=0
[:xdata] XDATA first op=W addr=03a2 pc=8faf value=00 class=retained-xram-approx unknown=0
[:xdata] XDATA first op=W addr=03a3 pc=8faf value=00 class=retained-xram-approx unknown=0
[:xdata] XDATA first op=W addr=03a4 pc=8faf value=00 class=retained-xram-approx unknown=0
[:xdata] XDATA first op=W addr=03a5 pc=8faf value=00 class=retained-xram-approx unknown=0
[:xdata] XDATA first op=W addr=03a6 pc=8faf value=00 class=retained-xram-approx unknown=0
[:xdata] XDATA first op=W addr=03a7 pc=8faf value=00 class=retained-xram-approx unknown=0
[:xdata] XDATA first op=W addr=03a8 pc=8faf value=00 class=retained-xram-approx unknown=0
[:xdata] XDATA first op=W addr=03a9 pc=8faf value=00 class=retained-xram-approx unknown=0
[:xdata] XDATA first op=W addr=03aa pc=8faf value=00 class=retained-xram-approx unknown=0
[:xdata] XDATA first op=W addr=03ab pc=8faf value=00 class=retained-xram-approx unknown=0
[:xdata] XDATA first op=W addr=03ac pc=8faf value=00 class=retained-xram-approx unknown=0
[:xdata] XDATA first op=W addr=03ad pc=8faf value=00 class=retained-xram-approx unknown=0
[:xdata] XDATA first op=W addr=03ae pc=8faf value=00 class=retained-xram-approx unknown=0
[:xdata] XDATA first op=W addr=03af pc=8faf value=00 class=retained-xram-approx unknown=0
[:xdata] XDATA first op=W addr=03b0 pc=8faf value=00 class=retained-xram-approx unknown=0
[:xdata] XDATA first op=W addr=03b1 pc=8faf value=00 class=retained-xram-approx unknown=0
[:xdata] XDATA first op=W addr=03b2 pc=8faf value=00 class=retained-xram-approx unknown=0
[:xdata] XDATA first op=W addr=03b3 pc=8faf value=00 class=retained-xram-approx unknown=0
[:xdata] XDATA first op=W addr=03b4 pc=8faf value=00 class=retained-xram-approx unknown=0
[:xdata] XDATA first op=W addr=03b5 pc=8faf value=00 class=retained-xram-approx unknown=0
[:xdata] XDATA first op=W addr=03b6 pc=8faf value=00 class=retained-xram-approx unknown=0
[:xdata] XDATA first op=W addr=03b7 pc=8faf value=00 class=retained-xram-approx unknown=0
[:xdata] XDATA first op=W addr=03b8 pc=8faf value=00 class=retained-xram-approx unknown=0
[:xdata] XDATA first op=W addr=03b9 pc=8faf value=00 class=retained-xram-approx unknown=0
[:xdata] XDATA first op=W addr=03ba pc=8faf value=00 class=retained-xram-approx unknown=0
[:xdata] XDATA first op=W addr=03bb pc=8faf value=00 class=retained-xram-approx unknown=0
[:xdata] XDATA first op=W addr=03bc pc=8faf value=00 class=retained-xram-approx unknown=0
[:xdata] XDATA first op=W addr=03bd pc=8faf value=00 class=retained-xram-approx unknown=0
[:xdata] XDATA first op=W addr=03be pc=8faf value=00 class=retained-xram-approx unknown=0
[:xdata] XDATA first op=W addr=03bf pc=8faf value=00 class=retained-xram-approx unknown=0
[:xdata] XDATA first op=W addr=03c0 pc=8faf value=00 class=retained-xram-approx unknown=0
[:xdata] XDATA first op=W addr=03c1 pc=8faf value=00 class=retained-xram-approx unknown=0
[:xdata] XDATA first op=W addr=03c2 pc=8faf value=00 class=retained-xram-approx unknown=0
[:xdata] XDATA first op=W addr=03c3 pc=8faf value=00 class=retained-xram-approx unknown=0
[:xdata] XDATA first op=W addr=03c4 pc=8faf value=00 class=retained-xram-approx unknown=0
[:xdata] XDATA first op=W addr=03c5 pc=8faf value=00 class=retained-xram-approx unknown=0
[:xdata] XDATA first op=W addr=03c6 pc=8faf value=00 class=retained-xram-approx unknown=0
[:xdata] XDATA first op=W addr=03c7 pc=8faf value=00 class=retained-xram-approx unknown=0
[:xdata] XDATA first op=W addr=03c8 pc=8faf value=00 class=retained-xram-approx unknown=0
[:xdata] XDATA first op=W addr=03c9 pc=8faf value=00 class=retained-xram-approx unknown=0
[:xdata] XDATA first op=W addr=03ca pc=8faf value=00 class=retained-xram-approx unknown=0
[:xdata] XDATA first op=W addr=03cb pc=8faf value=00 class=retained-xram-approx unknown=0
[:xdata] XDATA first op=W addr=03cc pc=8faf value=00 class=retained-xram-approx unknown=0
[:xdata] XDATA first op=W addr=03cd pc=8faf value=00 class=retained-xram-approx unknown=0
[:xdata] XDATA first op=W addr=03ce pc=8faf value=00 class=retained-xram-approx unknown=0
[:xdata] XDATA first op=W addr=03cf pc=8faf value=00 class=retained-xram-approx unknown=0
[:xdata] XDATA first op=W addr=03d0 pc=8faf value=00 class=retained-xram-approx unknown=0
[:xdata] XDATA first op=W addr=03d1 pc=8faf value=00 class=retained-xram-approx unknown=0
[:xdata] XDATA first op=W addr=03d2 pc=8faf value=00 class=retained-xram-approx unknown=0
[:xdata] XDATA first op=W addr=03d3 pc=8faf value=00 class=retained-xram-approx unknown=0
[:xdata] XDATA first op=W addr=03d4 pc=8faf value=00 class=retained-xram-approx unknown=0
[:xdata] XDATA first op=W addr=03d5 pc=8faf value=00 class=retained-xram-approx unknown=0
[:xdata] XDATA first op=W addr=03d6 pc=8faf value=00 class=retained-xram-approx unknown=0
[:xdata] XDATA first op=W addr=03d7 pc=8faf value=00 class=retained-xram-approx unknown=0
[:xdata] XDATA first op=W addr=03d8 pc=8faf value=00 class=retained-xram-approx unknown=0
[:xdata] XDATA first op=W addr=03d9 pc=8faf value=00 class=retained-xram-approx unknown=0
[:xdata] XDATA first op=W addr=03da pc=8faf value=00 class=retained-xram-approx unknown=0
[:xdata] XDATA first op=W addr=03db pc=8faf value=00 class=retained-xram-approx unknown=0
[:xdata] XDATA first op=W addr=03dc pc=8faf value=00 class=retained-xram-approx unknown=0
[:xdata] XDATA first op=W addr=03dd pc=8faf value=00 class=retained-xram-approx unknown=0
[:xdata] XDATA first op=W addr=03de pc=8faf value=00 class=retained-xram-approx unknown=0
[:xdata] XDATA first op=W addr=03df pc=8faf value=00 class=retained-xram-approx unknown=0
[:xdata] XDATA first op=W addr=03e0 pc=8faf value=00 class=retained-xram-approx unknown=0
[:xdata] XDATA first op=W addr=03e1 pc=8faf value=00 class=retained-xram-approx unknown=0
[:xdata] XDATA first op=W addr=03e2 pc=8faf value=00 class=retained-xram-approx unknown=0
[:xdata] XDATA first op=W addr=03e3 pc=8faf value=00 class=retained-xram-approx unknown=0
[:xdata] XDATA first op=W addr=03e4 pc=8faf value=00 class=retained-xram-approx unknown=0
[:xdata] XDATA first op=W addr=03e5 pc=8faf value=00 class=retained-xram-approx unknown=0
[:xdata] XDATA first op=W addr=03e6 pc=8faf value=00 class=retained-xram-approx unknown=0
[:xdata] XDATA first op=W addr=03e7 pc=8faf value=00 class=retained-xram-approx unknown=0
[:xdata] XDATA first op=W addr=03e8 pc=8faf value=00 class=retained-xram-approx unknown=0
[:xdata] XDATA first op=W addr=03e9 pc=8faf value=00 class=retained-xram-approx unknown=0
[:xdata] XDATA first op=W addr=03ea pc=8faf value=00 class=retained-xram-approx unknown=0
[:xdata] XDATA first op=W addr=03eb pc=8faf value=00 class=retained-xram-approx unknown=0
[:xdata] XDATA first op=W addr=03ec pc=8faf value=00 class=retained-xram-approx unknown=0
[:xdata] XDATA first op=W addr=03ed pc=8faf value=00 class=retained-xram-approx unknown=0
[:xdata] XDATA first op=W addr=03ee pc=8faf value=00 class=retained-xram-approx unknown=0
[:xdata] XDATA first op=W addr=03ef pc=8faf value=00 class=retained-xram-approx unknown=0
[:xdata] XDATA first op=W addr=03f0 pc=8faf value=00 class=retained-xram-approx unknown=0
[:xdata] XDATA first op=W addr=03f1 pc=8faf value=00 class=retained-xram-approx unknown=0
[:xdata] XDATA first op=W addr=03f2 pc=8faf value=00 class=retained-xram-approx unknown=0
[:xdata] XDATA first op=W addr=03f3 pc=8faf value=00 class=retained-xram-approx unknown=0
[:xdata] XDATA first op=W addr=03f4 pc=8faf value=00 class=retained-xram-approx unknown=0
[:xdata] XDATA first op=W addr=03f5 pc=8faf value=00 class=retained-xram-approx unknown=0
[:xdata] XDATA first op=W addr=03f6 pc=8faf value=00 class=retained-xram-approx unknown=0
[:xdata] XDATA first op=W addr=03f7 pc=8faf value=00 class=retained-xram-approx unknown=0
[:xdata] XDATA first op=W addr=03f8 pc=8faf value=00 class=retained-xram-approx unknown=0
[:xdata] XDATA first op=W addr=03f9 pc=8faf value=00 class=retained-xram-approx unknown=0
[:xdata] XDATA first op=W addr=03fa pc=8faf value=00 class=retained-xram-approx unknown=0
[:xdata] XDATA first op=W addr=03fb pc=8faf value=00 class=retained-xram-approx unknown=0
[:xdata] XDATA first op=W addr=03fc pc=8faf value=00 class=retained-xram-approx unknown=0
[:xdata] XDATA first op=W addr=03fd pc=8faf value=00 class=retained-xram-approx unknown=0
[:xdata] XDATA first op=W addr=03fe pc=8faf value=00 class=retained-xram-approx unknown=0
[:xdata] XDATA first op=W addr=03ff pc=8faf value=00 class=retained-xram-approx unknown=0
[:xdata] XDATA first op=W addr=00f2 pc=8fbe value=03 class=retained-xram-approx unknown=0
[:xdata] XDATA first op=W addr=00f3 pc=8fc2 value=00 class=retained-xram-approx unknown=0
[:xdata] XDATA first op=W addr=002f pc=8fc6 value=00 class=retained-xram-approx unknown=0
[:maincpu] write of un-hooked port 2 02
[:xdata] XDATA first op=W addr=0225 pc=8fce value=55 class=retained-xram-approx unknown=0
[:maincpu] write of un-hooked port 2 00
[:maincpu] write of un-hooked port 2 00
[:xdata] XDATA first op=R addr=00c2 pc=8fe3 value=00 class=retained-xram-approx unknown=0
[:xdata] XDATA first op=W addr=00f7 pc=9002 value=01 class=retained-xram-approx unknown=0
[:xdata] XDATA first op=W addr=00f8 pc=9006 value=0a class=retained-xram-approx unknown=0
[:xdata] XDATA first op=W addr=00f9 pc=9008 value=0a class=retained-xram-approx unknown=0
[:xdata] XDATA first op=W addr=00f4 pc=900e value=01 class=retained-xram-approx unknown=0
[:xdata] XDATA first op=W addr=00f5 pc=9012 value=0a class=retained-xram-approx unknown=0
[:xdata] XDATA first op=W addr=00f6 pc=9014 value=0a class=retained-xram-approx unknown=0
[:maincpu] write of un-hooked port 2 01
[:xdata] XDATA first op=W addr=0110 pc=78ba value=00 class=retained-xram-approx unknown=0
[:maincpu] write of un-hooked port 2 00
[:xdata] XDATA first op=W addr=0111 pc=78c3 value=1e class=retained-xram-approx unknown=0
[:xdata] XDATA first op=W addr=0112 pc=78c9 value=80 class=retained-xram-approx unknown=0
[:xdata] XDATA first op=W addr=0113 pc=78cb value=80 class=retained-xram-approx unknown=0
[:xdata] XDATA first op=W addr=0114 pc=78cd value=80 class=retained-xram-approx unknown=0
[:maincpu] write of un-hooked port 1 ff
[:maincpu] write of un-hooked port 3 ff
[:maincpu] write of un-hooked port 4 ff
[:maincpu] read of un-hooked port 5 (PC=5CB9)
[:maincpu] write of un-hooked port 5 ff
[:maincpu] ':maincpu' (5CC7): unmapped sfr memory write to A9 = 3A & FF
[:maincpu] ':maincpu' (5CCA): unmapped sfr memory write to B9 = 26 & FF
[:maincpu] ':maincpu' (5CCD): unmapped sfr memory write to C0 = 00 & FF
[:maincpu] ':maincpu' (2074): unmapped sfr memory read from C0 & FF
[:maincpu] ':maincpu' (2074): unmapped sfr memory write to C0 = 00 & FF
[:maincpu] ':maincpu' (2074): unmapped sfr memory read from C0 & FF
[:maincpu] ':maincpu' (2074): unmapped sfr memory write to C0 = 00 & FF
[:maincpu] ':maincpu' (2074): unmapped sfr memory read from C0 & FF
[:maincpu] ':maincpu' (2074): unmapped sfr memory write to C0 = 00 & FF
[:maincpu] ':maincpu' (2074): unmapped sfr memory read from C0 & FF
[:maincpu] ':maincpu' (2074): unmapped sfr memory write to C0 = 00 & FF
[:maincpu] ':maincpu' (2074): unmapped sfr memory read from C0 & FF
[:maincpu] ':maincpu' (2074): unmapped sfr memory write to C0 = 00 & FF
[:maincpu] ':maincpu' (2074): unmapped sfr memory read from C0 & FF
[:maincpu] ':maincpu' (2074): unmapped sfr memory write to C0 = 00 & FF
[:maincpu] ':maincpu' (2074): unmapped sfr memory read from C0 & FF
[:maincpu] ':maincpu' (2074): unmapped sfr memory write to C0 = 00 & FF
[:maincpu] ':maincpu' (2074): unmapped sfr memory read from C0 & FF
[:maincpu] ':maincpu' (2074): unmapped sfr memory write to C0 = 00 & FF
[:maincpu] ':maincpu' (2074): unmapped sfr memory read from C0 & FF
[:maincpu] ':maincpu' (2074): unmapped sfr memory write to C0 = 00 & FF
[:maincpu] ':maincpu' (2074): unmapped sfr memory read from C0 & FF
[:maincpu] ':maincpu' (2074): unmapped sfr memory write to C0 = 00 & FF
[:maincpu] ':maincpu' (2074): unmapped sfr memory read from C0 & FF
[:maincpu] ':maincpu' (2074): unmapped sfr memory write to C0 = 00 & FF
[:maincpu] ':maincpu' (2074): unmapped sfr memory read from C0 & FF
[:maincpu] ':maincpu' (2074): unmapped sfr memory write to C0 = 00 & FF
[:maincpu] ':maincpu' (2074): unmapped sfr memory read from C0 & FF
[:maincpu] ':maincpu' (2074): unmapped sfr memory write to C0 = 00 & FF
[:maincpu] ':maincpu' (2074): unmapped sfr memory read from C0 & FF
[:maincpu] ':maincpu' (2074): unmapped sfr memory write to C0 = 00 & FF
[:maincpu] ':maincpu' (2074): unmapped sfr memory read from C0 & FF
[:maincpu] ':maincpu' (2074): unmapped sfr memory write to C0 = 00 & FF
[:xdata] XDATA summary distinct=405 unknown_reads=0 first_unknown_read_pc=ffff overflow=0 out_a040=ff out_a041=ff
[:] EXEC summary reason=timer2-interrupt-storm instructions=2408 cycles=3848 exit_cycles=16670 deepest_pc=9015 last_pc=002b startup_frontier=5cd3 init_entries=1 timer2_entries=16 foreground_entries=0 foreground_instruction=0
