Warning: -video none doesn't make much sense without -seconds_to_run
[:xdata] XMODEL reset=1 unknown_policy=0 unknown_value=00 configured_inputs=0 output_readback=disabled stop_after_taint=0
Soft reset
[:maincpu] write of un-hooked port 3 fd
[:maincpu] write of un-hooked port 2 ff
[:maincpu] write of un-hooked port 1 ff
[:maincpu] write of un-hooked port 0 ff
[:xdata] XEV seq=1 op=W addr=a081 pc=5c0c value=01 class=unknown-write taint=0
[:xdata] XEV seq=2 op=W addr=a010 pc=5c12 value=81 class=unknown-write taint=0
[:xdata] XEV seq=3 op=W addr=a011 pc=5c16 value=81 class=unknown-write taint=0
[:xdata] XEV seq=4 op=W addr=a040 pc=5c1c value=ff class=output-latch taint=0
[:xdata] XEV seq=5 op=W addr=a041 pc=5c20 value=ff class=output-latch taint=0
[:xdata] XEV seq=6 op=W addr=a002 pc=5c26 value=00 class=unknown-write taint=0
[:xdata] XEV seq=7 op=W addr=a003 pc=5c2a value=00 class=unknown-write taint=0
[:xdata] XEV seq=8 op=W addr=a004 pc=5c2e value=00 class=unknown-write taint=0
[:xdata] XEV seq=9 op=W addr=a005 pc=5c32 value=00 class=unknown-write taint=0
[:xdata] XEV seq=10 op=W addr=a008 pc=5c38 value=00 class=unknown-write taint=0
[:xdata] XEV seq=11 op=W addr=a009 pc=5c3c value=00 class=unknown-write taint=0
[:xdata] XEV seq=12 op=W addr=a021 pc=5c42 value=d7 class=unknown-write taint=0
[:xdata] XEV seq=13 op=W addr=a020 pc=5c48 value=ff class=unknown-write taint=0
[:xdata] XEV seq=14 op=W addr=0162 pc=5c4e value=d7 class=storage taint=0
[:maincpu] write of un-hooked port 2 00
[:xdata] XEV seq=15 op=R addr=0000 pc=5c54 value=00 class=storage taint=0
[:maincpu] write of un-hooked port 2 01
[:xdata] XEV seq=16 op=W addr=015b pc=5c78 value=00 class=storage taint=0
[:maincpu] write of un-hooked port 2 00
[:maincpu] write of un-hooked port 2 01
[:xdata] XEV seq=17 op=R addr=015b pc=5c81 value=00 class=storage taint=0
[:maincpu] write of un-hooked port 2 02
[:xdata] XEV seq=18 op=W addr=020b pc=5c8a value=00 class=storage taint=0
[:xdata] XEV seq=19 op=W addr=020c pc=5c8f value=aa class=storage taint=0
[:maincpu] read of un-hooked port 5 (PC=5C9F)
[:maincpu] write of un-hooked port 5 ff
[:maincpu] write of un-hooked port 2 00
[:maincpu] write of un-hooked port 2 01
[:xdata] XEV seq=20 op=R addr=015b pc=8f9c value=00 class=storage taint=0
[:maincpu] write of un-hooked port 2 00
[:xdata] XEV seq=21 op=W addr=00f1 pc=8fa6 value=00 class=storage taint=0
[:xdata] XEV seq=22 op=W addr=00f0 pc=8fa6 value=00 class=storage taint=0
[:xdata] XEV seq=23 op=W addr=00ef pc=8fa6 value=00 class=storage taint=0
[:xdata] XEV seq=24 op=W addr=00ee pc=8fa6 value=00 class=storage taint=0
[:xdata] XEV seq=25 op=W addr=00ed pc=8fa6 value=00 class=storage taint=0
[:xdata] XEV seq=26 op=W addr=00ec pc=8fa6 value=00 class=storage taint=0
[:xdata] XEV seq=27 op=W addr=00eb pc=8fa6 value=00 class=storage taint=0
[:xdata] XEV seq=28 op=W addr=00ea pc=8fa6 value=00 class=storage taint=0
[:xdata] XEV seq=29 op=W addr=00e9 pc=8fa6 value=00 class=storage taint=0
[:xdata] XEV seq=30 op=W addr=00e8 pc=8fa6 value=00 class=storage taint=0
[:xdata] XEV seq=31 op=W addr=00e7 pc=8fa6 value=00 class=storage taint=0
[:xdata] XEV seq=32 op=W addr=00e6 pc=8fa6 value=00 class=storage taint=0
[:xdata] XEV seq=33 op=W addr=00e5 pc=8fa6 value=00 class=storage taint=0
[:xdata] XEV seq=34 op=W addr=00e4 pc=8fa6 value=00 class=storage taint=0
[:xdata] XEV seq=35 op=W addr=00e3 pc=8fa6 value=00 class=storage taint=0
[:xdata] XEV seq=36 op=W addr=00e2 pc=8fa6 value=00 class=storage taint=0
[:xdata] XEV seq=37 op=W addr=00e1 pc=8fa6 value=00 class=storage taint=0
[:xdata] XEV seq=38 op=W addr=00e0 pc=8fa6 value=00 class=storage taint=0
[:xdata] XEV seq=39 op=W addr=00df pc=8fa6 value=00 class=storage taint=0
[:xdata] XEV seq=40 op=W addr=00de pc=8fa6 value=00 class=storage taint=0
[:xdata] XEV seq=41 op=W addr=00dd pc=8fa6 value=00 class=storage taint=0
[:xdata] XEV seq=42 op=W addr=00dc pc=8fa6 value=00 class=storage taint=0
[:xdata] XEV seq=43 op=W addr=00db pc=8fa6 value=00 class=storage taint=0
[:xdata] XEV seq=44 op=W addr=00da pc=8fa6 value=00 class=storage taint=0
[:xdata] XEV seq=45 op=W addr=00d9 pc=8fa6 value=00 class=storage taint=0
[:xdata] XEV seq=46 op=W addr=00d8 pc=8fa6 value=00 class=storage taint=0
[:xdata] XEV seq=47 op=W addr=00d7 pc=8fa6 value=00 class=storage taint=0
[:xdata] XEV seq=48 op=W addr=00d6 pc=8fa6 value=00 class=storage taint=0
[:xdata] XEV seq=49 op=W addr=00d5 pc=8fa6 value=00 class=storage taint=0
[:xdata] XEV seq=50 op=W addr=00d4 pc=8fa6 value=00 class=storage taint=0
[:xdata] XEV seq=51 op=W addr=00d3 pc=8fa6 value=00 class=storage taint=0
[:xdata] XEV seq=52 op=W addr=00d2 pc=8fa6 value=00 class=storage taint=0
[:xdata] XEV seq=53 op=W addr=00d1 pc=8fa6 value=00 class=storage taint=0
[:xdata] XEV seq=54 op=W addr=00d0 pc=8fa6 value=00 class=storage taint=0
[:xdata] XEV seq=55 op=W addr=00cf pc=8fa6 value=00 class=storage taint=0
[:xdata] XEV seq=56 op=W addr=00ce pc=8fa6 value=00 class=storage taint=0
[:xdata] XEV seq=57 op=W addr=00cd pc=8fa6 value=00 class=storage taint=0
[:xdata] XEV seq=58 op=W addr=00cc pc=8fa6 value=00 class=storage taint=0
[:xdata] XEV seq=59 op=W addr=00cb pc=8fa6 value=00 class=storage taint=0
[:xdata] XEV seq=60 op=W addr=00ca pc=8fa6 value=00 class=storage taint=0
[:xdata] XEV seq=61 op=W addr=00c9 pc=8fa6 value=00 class=storage taint=0
[:xdata] XEV seq=62 op=W addr=00c8 pc=8fa6 value=00 class=storage taint=0
[:xdata] XEV seq=63 op=W addr=00c7 pc=8fa6 value=00 class=storage taint=0
[:xdata] XEV seq=64 op=W addr=00c6 pc=8fa6 value=00 class=storage taint=0
[:xdata] XEV seq=65 op=W addr=00c5 pc=8fa6 value=00 class=storage taint=0
[:xdata] XEV seq=66 op=W addr=00c4 pc=8fa6 value=00 class=storage taint=0
[:xdata] XEV seq=67 op=W addr=00c3 pc=8fa6 value=00 class=storage taint=0
[:xdata] XEV seq=68 op=W addr=00c2 pc=8fa6 value=00 class=storage taint=0
[:xdata] XEV seq=69 op=W addr=00c1 pc=8fa6 value=00 class=storage taint=0
[:xdata] XEV seq=70 op=W addr=00c0 pc=8fa6 value=00 class=storage taint=0
[:xdata] XEV seq=71 op=W addr=00bf pc=8fa6 value=00 class=storage taint=0
[:xdata] XEV seq=72 op=W addr=00be pc=8fa6 value=00 class=storage taint=0
[:xdata] XEV seq=73 op=W addr=00bd pc=8fa6 value=00 class=storage taint=0
[:xdata] XEV seq=74 op=W addr=00bc pc=8fa6 value=00 class=storage taint=0
[:xdata] XEV seq=75 op=W addr=00bb pc=8fa6 value=00 class=storage taint=0
[:xdata] XEV seq=76 op=W addr=00ba pc=8fa6 value=00 class=storage taint=0
[:xdata] XEV seq=77 op=W addr=00b9 pc=8fa6 value=00 class=storage taint=0
[:xdata] XEV seq=78 op=W addr=00b8 pc=8fa6 value=00 class=storage taint=0
[:xdata] XEV seq=79 op=W addr=00b7 pc=8fa6 value=00 class=storage taint=0
[:xdata] XEV seq=80 op=W addr=00b6 pc=8fa6 value=00 class=storage taint=0
[:xdata] XEV seq=81 op=W addr=00b5 pc=8fa6 value=00 class=storage taint=0
[:xdata] XEV seq=82 op=W addr=00b4 pc=8fa6 value=00 class=storage taint=0
[:xdata] XEV seq=83 op=W addr=00b3 pc=8fa6 value=00 class=storage taint=0
[:xdata] XEV seq=84 op=W addr=00b2 pc=8fa6 value=00 class=storage taint=0
[:xdata] XEV seq=85 op=W addr=00b1 pc=8fa6 value=00 class=storage taint=0
[:xdata] XEV seq=86 op=W addr=00b0 pc=8fa6 value=00 class=storage taint=0
[:xdata] XEV seq=87 op=W addr=00af pc=8fa6 value=00 class=storage taint=0
[:xdata] XEV seq=88 op=W addr=00ae pc=8fa6 value=00 class=storage taint=0
[:xdata] XEV seq=89 op=W addr=00ad pc=8fa6 value=00 class=storage taint=0
[:xdata] XEV seq=90 op=W addr=00ac pc=8fa6 value=00 class=storage taint=0
[:xdata] XEV seq=91 op=W addr=00ab pc=8fa6 value=00 class=storage taint=0
[:xdata] XEV seq=92 op=W addr=00aa pc=8fa6 value=00 class=storage taint=0
[:xdata] XEV seq=93 op=W addr=00a9 pc=8fa6 value=00 class=storage taint=0
[:xdata] XEV seq=94 op=W addr=00a8 pc=8fa6 value=00 class=storage taint=0
[:xdata] XEV seq=95 op=W addr=00a7 pc=8fa6 value=00 class=storage taint=0
[:xdata] XEV seq=96 op=W addr=00a6 pc=8fa6 value=00 class=storage taint=0
[:xdata] XEV seq=97 op=W addr=00a5 pc=8fa6 value=00 class=storage taint=0
[:xdata] XEV seq=98 op=W addr=00a4 pc=8fa6 value=00 class=storage taint=0
[:xdata] XEV seq=99 op=W addr=00a3 pc=8fa6 value=00 class=storage taint=0
[:xdata] XEV seq=100 op=W addr=00a2 pc=8fa6 value=00 class=storage taint=0
[:xdata] XEV seq=101 op=W addr=00a1 pc=8fa6 value=00 class=storage taint=0
[:xdata] XEV seq=102 op=W addr=00a0 pc=8fa6 value=00 class=storage taint=0
[:xdata] XEV seq=103 op=W addr=009f pc=8fa6 value=00 class=storage taint=0
[:xdata] XEV seq=104 op=W addr=009e pc=8fa6 value=00 class=storage taint=0
[:xdata] XEV seq=105 op=W addr=009d pc=8fa6 value=00 class=storage taint=0
[:xdata] XEV seq=106 op=W addr=009c pc=8fa6 value=00 class=storage taint=0
[:xdata] XEV seq=107 op=W addr=009b pc=8fa6 value=00 class=storage taint=0
[:xdata] XEV seq=108 op=W addr=009a pc=8fa6 value=00 class=storage taint=0
[:xdata] XEV seq=109 op=W addr=0099 pc=8fa6 value=00 class=storage taint=0
[:xdata] XEV seq=110 op=W addr=0098 pc=8fa6 value=00 class=storage taint=0
[:xdata] XEV seq=111 op=W addr=0097 pc=8fa6 value=00 class=storage taint=0
[:xdata] XEV seq=112 op=W addr=0096 pc=8fa6 value=00 class=storage taint=0
[:xdata] XEV seq=113 op=W addr=0095 pc=8fa6 value=00 class=storage taint=0
[:xdata] XEV seq=114 op=W addr=0094 pc=8fa6 value=00 class=storage taint=0
[:xdata] XEV seq=115 op=W addr=0093 pc=8fa6 value=00 class=storage taint=0
[:xdata] XEV seq=116 op=W addr=0092 pc=8fa6 value=00 class=storage taint=0
[:xdata] XEV seq=117 op=W addr=0091 pc=8fa6 value=00 class=storage taint=0
[:xdata] XEV seq=118 op=W addr=0090 pc=8fa6 value=00 class=storage taint=0
[:xdata] XEV seq=119 op=W addr=008f pc=8fa6 value=00 class=storage taint=0
[:xdata] XEV seq=120 op=W addr=008e pc=8fa6 value=00 class=storage taint=0
[:xdata] XEV seq=121 op=W addr=008d pc=8fa6 value=00 class=storage taint=0
[:xdata] XEV seq=122 op=W addr=008c pc=8fa6 value=00 class=storage taint=0
[:xdata] XEV seq=123 op=W addr=008b pc=8fa6 value=00 class=storage taint=0
[:xdata] XEV seq=124 op=W addr=008a pc=8fa6 value=00 class=storage taint=0
[:xdata] XEV seq=125 op=W addr=0089 pc=8fa6 value=00 class=storage taint=0
[:xdata] XEV seq=126 op=W addr=0088 pc=8fa6 value=00 class=storage taint=0
[:xdata] XEV seq=127 op=W addr=0087 pc=8fa6 value=00 class=storage taint=0
[:xdata] XEV seq=128 op=W addr=0086 pc=8fa6 value=00 class=storage taint=0
[:xdata] XEV seq=129 op=W addr=0085 pc=8fa6 value=00 class=storage taint=0
[:xdata] XEV seq=130 op=W addr=0084 pc=8fa6 value=00 class=storage taint=0
[:xdata] XEV seq=131 op=W addr=0083 pc=8fa6 value=00 class=storage taint=0
[:xdata] XEV seq=132 op=W addr=0082 pc=8fa6 value=00 class=storage taint=0
[:xdata] XEV seq=133 op=W addr=0081 pc=8fa6 value=00 class=storage taint=0
[:xdata] XEV seq=134 op=W addr=0080 pc=8fa6 value=00 class=storage taint=0
[:xdata] XEV seq=135 op=W addr=0300 pc=8faf value=00 class=storage taint=0
[:xdata] XEV seq=136 op=W addr=0301 pc=8faf value=00 class=storage taint=0
[:xdata] XEV seq=137 op=W addr=0302 pc=8faf value=00 class=storage taint=0
[:xdata] XEV seq=138 op=W addr=0303 pc=8faf value=00 class=storage taint=0
[:xdata] XEV seq=139 op=W addr=0304 pc=8faf value=00 class=storage taint=0
[:xdata] XEV seq=140 op=W addr=0305 pc=8faf value=00 class=storage taint=0
[:xdata] XEV seq=141 op=W addr=0306 pc=8faf value=00 class=storage taint=0
[:xdata] XEV seq=142 op=W addr=0307 pc=8faf value=00 class=storage taint=0
[:xdata] XEV seq=143 op=W addr=0308 pc=8faf value=00 class=storage taint=0
[:xdata] XEV seq=144 op=W addr=0309 pc=8faf value=00 class=storage taint=0
[:xdata] XEV seq=145 op=W addr=030a pc=8faf value=00 class=storage taint=0
[:xdata] XEV seq=146 op=W addr=030b pc=8faf value=00 class=storage taint=0
[:xdata] XEV seq=147 op=W addr=030c pc=8faf value=00 class=storage taint=0
[:xdata] XEV seq=148 op=W addr=030d pc=8faf value=00 class=storage taint=0
[:xdata] XEV seq=149 op=W addr=030e pc=8faf value=00 class=storage taint=0
[:xdata] XEV seq=150 op=W addr=030f pc=8faf value=00 class=storage taint=0
[:xdata] XEV seq=151 op=W addr=0310 pc=8faf value=00 class=storage taint=0
[:xdata] XEV seq=152 op=W addr=0311 pc=8faf value=00 class=storage taint=0
[:xdata] XEV seq=153 op=W addr=0312 pc=8faf value=00 class=storage taint=0
[:xdata] XEV seq=154 op=W addr=0313 pc=8faf value=00 class=storage taint=0
[:xdata] XEV seq=155 op=W addr=0314 pc=8faf value=00 class=storage taint=0
[:xdata] XEV seq=156 op=W addr=0315 pc=8faf value=00 class=storage taint=0
[:xdata] XEV seq=157 op=W addr=0316 pc=8faf value=00 class=storage taint=0
[:xdata] XEV seq=158 op=W addr=0317 pc=8faf value=00 class=storage taint=0
[:xdata] XEV seq=159 op=W addr=0318 pc=8faf value=00 class=storage taint=0
[:xdata] XEV seq=160 op=W addr=0319 pc=8faf value=00 class=storage taint=0
[:xdata] XEV seq=161 op=W addr=031a pc=8faf value=00 class=storage taint=0
[:xdata] XEV seq=162 op=W addr=031b pc=8faf value=00 class=storage taint=0
[:xdata] XEV seq=163 op=W addr=031c pc=8faf value=00 class=storage taint=0
[:xdata] XEV seq=164 op=W addr=031d pc=8faf value=00 class=storage taint=0
[:xdata] XEV seq=165 op=W addr=031e pc=8faf value=00 class=storage taint=0
[:xdata] XEV seq=166 op=W addr=031f pc=8faf value=00 class=storage taint=0
[:xdata] XEV seq=167 op=W addr=0320 pc=8faf value=00 class=storage taint=0
[:xdata] XEV seq=168 op=W addr=0321 pc=8faf value=00 class=storage taint=0
[:xdata] XEV seq=169 op=W addr=0322 pc=8faf value=00 class=storage taint=0
[:xdata] XEV seq=170 op=W addr=0323 pc=8faf value=00 class=storage taint=0
[:xdata] XEV seq=171 op=W addr=0324 pc=8faf value=00 class=storage taint=0
[:xdata] XEV seq=172 op=W addr=0325 pc=8faf value=00 class=storage taint=0
[:xdata] XEV seq=173 op=W addr=0326 pc=8faf value=00 class=storage taint=0
[:xdata] XEV seq=174 op=W addr=0327 pc=8faf value=00 class=storage taint=0
[:xdata] XEV seq=175 op=W addr=0328 pc=8faf value=00 class=storage taint=0
[:xdata] XEV seq=176 op=W addr=0329 pc=8faf value=00 class=storage taint=0
[:xdata] XEV seq=177 op=W addr=032a pc=8faf value=00 class=storage taint=0
[:xdata] XEV seq=178 op=W addr=032b pc=8faf value=00 class=storage taint=0
[:xdata] XEV seq=179 op=W addr=032c pc=8faf value=00 class=storage taint=0
[:xdata] XEV seq=180 op=W addr=032d pc=8faf value=00 class=storage taint=0
[:xdata] XEV seq=181 op=W addr=032e pc=8faf value=00 class=storage taint=0
[:xdata] XEV seq=182 op=W addr=032f pc=8faf value=00 class=storage taint=0
[:xdata] XEV seq=183 op=W addr=0330 pc=8faf value=00 class=storage taint=0
[:xdata] XEV seq=184 op=W addr=0331 pc=8faf value=00 class=storage taint=0
[:xdata] XEV seq=185 op=W addr=0332 pc=8faf value=00 class=storage taint=0
[:xdata] XEV seq=186 op=W addr=0333 pc=8faf value=00 class=storage taint=0
[:xdata] XEV seq=187 op=W addr=0334 pc=8faf value=00 class=storage taint=0
[:xdata] XEV seq=188 op=W addr=0335 pc=8faf value=00 class=storage taint=0
[:xdata] XEV seq=189 op=W addr=0336 pc=8faf value=00 class=storage taint=0
[:xdata] XEV seq=190 op=W addr=0337 pc=8faf value=00 class=storage taint=0
[:xdata] XEV seq=191 op=W addr=0338 pc=8faf value=00 class=storage taint=0
[:xdata] XEV seq=192 op=W addr=0339 pc=8faf value=00 class=storage taint=0
[:xdata] XEV seq=193 op=W addr=033a pc=8faf value=00 class=storage taint=0
[:xdata] XEV seq=194 op=W addr=033b pc=8faf value=00 class=storage taint=0
[:xdata] XEV seq=195 op=W addr=033c pc=8faf value=00 class=storage taint=0
[:xdata] XEV seq=196 op=W addr=033d pc=8faf value=00 class=storage taint=0
[:xdata] XEV seq=197 op=W addr=033e pc=8faf value=00 class=storage taint=0
[:xdata] XEV seq=198 op=W addr=033f pc=8faf value=00 class=storage taint=0
[:xdata] XEV seq=199 op=W addr=0340 pc=8faf value=00 class=storage taint=0
[:xdata] XEV seq=200 op=W addr=0341 pc=8faf value=00 class=storage taint=0
[:xdata] XEV seq=201 op=W addr=0342 pc=8faf value=00 class=storage taint=0
[:xdata] XEV seq=202 op=W addr=0343 pc=8faf value=00 class=storage taint=0
[:xdata] XEV seq=203 op=W addr=0344 pc=8faf value=00 class=storage taint=0
[:xdata] XEV seq=204 op=W addr=0345 pc=8faf value=00 class=storage taint=0
[:xdata] XEV seq=205 op=W addr=0346 pc=8faf value=00 class=storage taint=0
[:xdata] XEV seq=206 op=W addr=0347 pc=8faf value=00 class=storage taint=0
[:xdata] XEV seq=207 op=W addr=0348 pc=8faf value=00 class=storage taint=0
[:xdata] XEV seq=208 op=W addr=0349 pc=8faf value=00 class=storage taint=0
[:xdata] XEV seq=209 op=W addr=034a pc=8faf value=00 class=storage taint=0
[:xdata] XEV seq=210 op=W addr=034b pc=8faf value=00 class=storage taint=0
[:xdata] XEV seq=211 op=W addr=034c pc=8faf value=00 class=storage taint=0
[:xdata] XEV seq=212 op=W addr=034d pc=8faf value=00 class=storage taint=0
[:xdata] XEV seq=213 op=W addr=034e pc=8faf value=00 class=storage taint=0
[:xdata] XEV seq=214 op=W addr=034f pc=8faf value=00 class=storage taint=0
[:xdata] XEV seq=215 op=W addr=0350 pc=8faf value=00 class=storage taint=0
[:xdata] XEV seq=216 op=W addr=0351 pc=8faf value=00 class=storage taint=0
[:xdata] XEV seq=217 op=W addr=0352 pc=8faf value=00 class=storage taint=0
[:xdata] XEV seq=218 op=W addr=0353 pc=8faf value=00 class=storage taint=0
[:xdata] XEV seq=219 op=W addr=0354 pc=8faf value=00 class=storage taint=0
[:xdata] XEV seq=220 op=W addr=0355 pc=8faf value=00 class=storage taint=0
[:xdata] XEV seq=221 op=W addr=0356 pc=8faf value=00 class=storage taint=0
[:xdata] XEV seq=222 op=W addr=0357 pc=8faf value=00 class=storage taint=0
[:xdata] XEV seq=223 op=W addr=0358 pc=8faf value=00 class=storage taint=0
[:xdata] XEV seq=224 op=W addr=0359 pc=8faf value=00 class=storage taint=0
[:xdata] XEV seq=225 op=W addr=035a pc=8faf value=00 class=storage taint=0
[:xdata] XEV seq=226 op=W addr=035b pc=8faf value=00 class=storage taint=0
[:xdata] XEV seq=227 op=W addr=035c pc=8faf value=00 class=storage taint=0
[:xdata] XEV seq=228 op=W addr=035d pc=8faf value=00 class=storage taint=0
[:xdata] XEV seq=229 op=W addr=035e pc=8faf value=00 class=storage taint=0
[:xdata] XEV seq=230 op=W addr=035f pc=8faf value=00 class=storage taint=0
[:xdata] XEV seq=231 op=W addr=0360 pc=8faf value=00 class=storage taint=0
[:xdata] XEV seq=232 op=W addr=0361 pc=8faf value=00 class=storage taint=0
[:xdata] XEV seq=233 op=W addr=0362 pc=8faf value=00 class=storage taint=0
[:xdata] XEV seq=234 op=W addr=0363 pc=8faf value=00 class=storage taint=0
[:xdata] XEV seq=235 op=W addr=0364 pc=8faf value=00 class=storage taint=0
[:xdata] XEV seq=236 op=W addr=0365 pc=8faf value=00 class=storage taint=0
[:xdata] XEV seq=237 op=W addr=0366 pc=8faf value=00 class=storage taint=0
[:xdata] XEV seq=238 op=W addr=0367 pc=8faf value=00 class=storage taint=0
[:xdata] XEV seq=239 op=W addr=0368 pc=8faf value=00 class=storage taint=0
[:xdata] XEV seq=240 op=W addr=0369 pc=8faf value=00 class=storage taint=0
[:xdata] XEV seq=241 op=W addr=036a pc=8faf value=00 class=storage taint=0
[:xdata] XEV seq=242 op=W addr=036b pc=8faf value=00 class=storage taint=0
[:xdata] XEV seq=243 op=W addr=036c pc=8faf value=00 class=storage taint=0
[:xdata] XEV seq=244 op=W addr=036d pc=8faf value=00 class=storage taint=0
[:xdata] XEV seq=245 op=W addr=036e pc=8faf value=00 class=storage taint=0
[:xdata] XEV seq=246 op=W addr=036f pc=8faf value=00 class=storage taint=0
[:xdata] XEV seq=247 op=W addr=0370 pc=8faf value=00 class=storage taint=0
[:xdata] XEV seq=248 op=W addr=0371 pc=8faf value=00 class=storage taint=0
[:xdata] XEV seq=249 op=W addr=0372 pc=8faf value=00 class=storage taint=0
[:xdata] XEV seq=250 op=W addr=0373 pc=8faf value=00 class=storage taint=0
[:xdata] XEV seq=251 op=W addr=0374 pc=8faf value=00 class=storage taint=0
[:xdata] XEV seq=252 op=W addr=0375 pc=8faf value=00 class=storage taint=0
[:xdata] XEV seq=253 op=W addr=0376 pc=8faf value=00 class=storage taint=0
[:xdata] XEV seq=254 op=W addr=0377 pc=8faf value=00 class=storage taint=0
[:xdata] XEV seq=255 op=W addr=0378 pc=8faf value=00 class=storage taint=0
[:xdata] XEV seq=256 op=W addr=0379 pc=8faf value=00 class=storage taint=0
[:xdata] XEV seq=257 op=W addr=037a pc=8faf value=00 class=storage taint=0
[:xdata] XEV seq=258 op=W addr=037b pc=8faf value=00 class=storage taint=0
[:xdata] XEV seq=259 op=W addr=037c pc=8faf value=00 class=storage taint=0
[:xdata] XEV seq=260 op=W addr=037d pc=8faf value=00 class=storage taint=0
[:xdata] XEV seq=261 op=W addr=037e pc=8faf value=00 class=storage taint=0
[:xdata] XEV seq=262 op=W addr=037f pc=8faf value=00 class=storage taint=0
[:xdata] XEV seq=263 op=W addr=0380 pc=8faf value=00 class=storage taint=0
[:xdata] XEV seq=264 op=W addr=0381 pc=8faf value=00 class=storage taint=0
[:xdata] XEV seq=265 op=W addr=0382 pc=8faf value=00 class=storage taint=0
[:xdata] XEV seq=266 op=W addr=0383 pc=8faf value=00 class=storage taint=0
[:xdata] XEV seq=267 op=W addr=0384 pc=8faf value=00 class=storage taint=0
[:xdata] XEV seq=268 op=W addr=0385 pc=8faf value=00 class=storage taint=0
[:xdata] XEV seq=269 op=W addr=0386 pc=8faf value=00 class=storage taint=0
[:xdata] XEV seq=270 op=W addr=0387 pc=8faf value=00 class=storage taint=0
[:xdata] XEV seq=271 op=W addr=0388 pc=8faf value=00 class=storage taint=0
[:xdata] XEV seq=272 op=W addr=0389 pc=8faf value=00 class=storage taint=0
[:xdata] XEV seq=273 op=W addr=038a pc=8faf value=00 class=storage taint=0
[:xdata] XEV seq=274 op=W addr=038b pc=8faf value=00 class=storage taint=0
[:xdata] XEV seq=275 op=W addr=038c pc=8faf value=00 class=storage taint=0
[:xdata] XEV seq=276 op=W addr=038d pc=8faf value=00 class=storage taint=0
[:xdata] XEV seq=277 op=W addr=038e pc=8faf value=00 class=storage taint=0
[:xdata] XEV seq=278 op=W addr=038f pc=8faf value=00 class=storage taint=0
[:xdata] XEV seq=279 op=W addr=0390 pc=8faf value=00 class=storage taint=0
[:xdata] XEV seq=280 op=W addr=0391 pc=8faf value=00 class=storage taint=0
[:xdata] XEV seq=281 op=W addr=0392 pc=8faf value=00 class=storage taint=0
[:xdata] XEV seq=282 op=W addr=0393 pc=8faf value=00 class=storage taint=0
[:xdata] XEV seq=283 op=W addr=0394 pc=8faf value=00 class=storage taint=0
[:xdata] XEV seq=284 op=W addr=0395 pc=8faf value=00 class=storage taint=0
[:xdata] XEV seq=285 op=W addr=0396 pc=8faf value=00 class=storage taint=0
[:xdata] XEV seq=286 op=W addr=0397 pc=8faf value=00 class=storage taint=0
[:xdata] XEV seq=287 op=W addr=0398 pc=8faf value=00 class=storage taint=0
[:xdata] XEV seq=288 op=W addr=0399 pc=8faf value=00 class=storage taint=0
[:xdata] XEV seq=289 op=W addr=039a pc=8faf value=00 class=storage taint=0
[:xdata] XEV seq=290 op=W addr=039b pc=8faf value=00 class=storage taint=0
[:xdata] XEV seq=291 op=W addr=039c pc=8faf value=00 class=storage taint=0
[:xdata] XEV seq=292 op=W addr=039d pc=8faf value=00 class=storage taint=0
[:xdata] XEV seq=293 op=W addr=039e pc=8faf value=00 class=storage taint=0
[:xdata] XEV seq=294 op=W addr=039f pc=8faf value=00 class=storage taint=0
[:xdata] XEV seq=295 op=W addr=03a0 pc=8faf value=00 class=storage taint=0
[:xdata] XEV seq=296 op=W addr=03a1 pc=8faf value=00 class=storage taint=0
[:xdata] XEV seq=297 op=W addr=03a2 pc=8faf value=00 class=storage taint=0
[:xdata] XEV seq=298 op=W addr=03a3 pc=8faf value=00 class=storage taint=0
[:xdata] XEV seq=299 op=W addr=03a4 pc=8faf value=00 class=storage taint=0
[:xdata] XEV seq=300 op=W addr=03a5 pc=8faf value=00 class=storage taint=0
[:xdata] XEV seq=301 op=W addr=03a6 pc=8faf value=00 class=storage taint=0
[:xdata] XEV seq=302 op=W addr=03a7 pc=8faf value=00 class=storage taint=0
[:xdata] XEV seq=303 op=W addr=03a8 pc=8faf value=00 class=storage taint=0
[:xdata] XEV seq=304 op=W addr=03a9 pc=8faf value=00 class=storage taint=0
[:xdata] XEV seq=305 op=W addr=03aa pc=8faf value=00 class=storage taint=0
[:xdata] XEV seq=306 op=W addr=03ab pc=8faf value=00 class=storage taint=0
[:xdata] XEV seq=307 op=W addr=03ac pc=8faf value=00 class=storage taint=0
[:xdata] XEV seq=308 op=W addr=03ad pc=8faf value=00 class=storage taint=0
[:xdata] XEV seq=309 op=W addr=03ae pc=8faf value=00 class=storage taint=0
[:xdata] XEV seq=310 op=W addr=03af pc=8faf value=00 class=storage taint=0
[:xdata] XEV seq=311 op=W addr=03b0 pc=8faf value=00 class=storage taint=0
[:xdata] XEV seq=312 op=W addr=03b1 pc=8faf value=00 class=storage taint=0
[:xdata] XEV seq=313 op=W addr=03b2 pc=8faf value=00 class=storage taint=0
[:xdata] XEV seq=314 op=W addr=03b3 pc=8faf value=00 class=storage taint=0
[:xdata] XEV seq=315 op=W addr=03b4 pc=8faf value=00 class=storage taint=0
[:xdata] XEV seq=316 op=W addr=03b5 pc=8faf value=00 class=storage taint=0
[:xdata] XEV seq=317 op=W addr=03b6 pc=8faf value=00 class=storage taint=0
[:xdata] XEV seq=318 op=W addr=03b7 pc=8faf value=00 class=storage taint=0
[:xdata] XEV seq=319 op=W addr=03b8 pc=8faf value=00 class=storage taint=0
[:xdata] XEV seq=320 op=W addr=03b9 pc=8faf value=00 class=storage taint=0
[:xdata] XEV seq=321 op=W addr=03ba pc=8faf value=00 class=storage taint=0
[:xdata] XEV seq=322 op=W addr=03bb pc=8faf value=00 class=storage taint=0
[:xdata] XEV seq=323 op=W addr=03bc pc=8faf value=00 class=storage taint=0
[:xdata] XEV seq=324 op=W addr=03bd pc=8faf value=00 class=storage taint=0
[:xdata] XEV seq=325 op=W addr=03be pc=8faf value=00 class=storage taint=0
[:xdata] XEV seq=326 op=W addr=03bf pc=8faf value=00 class=storage taint=0
[:xdata] XEV seq=327 op=W addr=03c0 pc=8faf value=00 class=storage taint=0
[:xdata] XEV seq=328 op=W addr=03c1 pc=8faf value=00 class=storage taint=0
[:xdata] XEV seq=329 op=W addr=03c2 pc=8faf value=00 class=storage taint=0
[:xdata] XEV seq=330 op=W addr=03c3 pc=8faf value=00 class=storage taint=0
[:xdata] XEV seq=331 op=W addr=03c4 pc=8faf value=00 class=storage taint=0
[:xdata] XEV seq=332 op=W addr=03c5 pc=8faf value=00 class=storage taint=0
[:xdata] XEV seq=333 op=W addr=03c6 pc=8faf value=00 class=storage taint=0
[:xdata] XEV seq=334 op=W addr=03c7 pc=8faf value=00 class=storage taint=0
[:xdata] XEV seq=335 op=W addr=03c8 pc=8faf value=00 class=storage taint=0
[:xdata] XEV seq=336 op=W addr=03c9 pc=8faf value=00 class=storage taint=0
[:xdata] XEV seq=337 op=W addr=03ca pc=8faf value=00 class=storage taint=0
[:xdata] XEV seq=338 op=W addr=03cb pc=8faf value=00 class=storage taint=0
[:xdata] XEV seq=339 op=W addr=03cc pc=8faf value=00 class=storage taint=0
[:xdata] XEV seq=340 op=W addr=03cd pc=8faf value=00 class=storage taint=0
[:xdata] XEV seq=341 op=W addr=03ce pc=8faf value=00 class=storage taint=0
[:xdata] XEV seq=342 op=W addr=03cf pc=8faf value=00 class=storage taint=0
[:xdata] XEV seq=343 op=W addr=03d0 pc=8faf value=00 class=storage taint=0
[:xdata] XEV seq=344 op=W addr=03d1 pc=8faf value=00 class=storage taint=0
[:xdata] XEV seq=345 op=W addr=03d2 pc=8faf value=00 class=storage taint=0
[:xdata] XEV seq=346 op=W addr=03d3 pc=8faf value=00 class=storage taint=0
[:xdata] XEV seq=347 op=W addr=03d4 pc=8faf value=00 class=storage taint=0
[:xdata] XEV seq=348 op=W addr=03d5 pc=8faf value=00 class=storage taint=0
[:xdata] XEV seq=349 op=W addr=03d6 pc=8faf value=00 class=storage taint=0
[:xdata] XEV seq=350 op=W addr=03d7 pc=8faf value=00 class=storage taint=0
[:xdata] XEV seq=351 op=W addr=03d8 pc=8faf value=00 class=storage taint=0
[:xdata] XEV seq=352 op=W addr=03d9 pc=8faf value=00 class=storage taint=0
[:xdata] XEV seq=353 op=W addr=03da pc=8faf value=00 class=storage taint=0
[:xdata] XEV seq=354 op=W addr=03db pc=8faf value=00 class=storage taint=0
[:xdata] XEV seq=355 op=W addr=03dc pc=8faf value=00 class=storage taint=0
[:xdata] XEV seq=356 op=W addr=03dd pc=8faf value=00 class=storage taint=0
[:xdata] XEV seq=357 op=W addr=03de pc=8faf value=00 class=storage taint=0
[:xdata] XEV seq=358 op=W addr=03df pc=8faf value=00 class=storage taint=0
[:xdata] XEV seq=359 op=W addr=03e0 pc=8faf value=00 class=storage taint=0
[:xdata] XEV seq=360 op=W addr=03e1 pc=8faf value=00 class=storage taint=0
[:xdata] XEV seq=361 op=W addr=03e2 pc=8faf value=00 class=storage taint=0
[:xdata] XEV seq=362 op=W addr=03e3 pc=8faf value=00 class=storage taint=0
[:xdata] XEV seq=363 op=W addr=03e4 pc=8faf value=00 class=storage taint=0
[:xdata] XEV seq=364 op=W addr=03e5 pc=8faf value=00 class=storage taint=0
[:xdata] XEV seq=365 op=W addr=03e6 pc=8faf value=00 class=storage taint=0
[:xdata] XEV seq=366 op=W addr=03e7 pc=8faf value=00 class=storage taint=0
[:xdata] XEV seq=367 op=W addr=03e8 pc=8faf value=00 class=storage taint=0
[:xdata] XEV seq=368 op=W addr=03e9 pc=8faf value=00 class=storage taint=0
[:xdata] XEV seq=369 op=W addr=03ea pc=8faf value=00 class=storage taint=0
[:xdata] XEV seq=370 op=W addr=03eb pc=8faf value=00 class=storage taint=0
[:xdata] XEV seq=371 op=W addr=03ec pc=8faf value=00 class=storage taint=0
[:xdata] XEV seq=372 op=W addr=03ed pc=8faf value=00 class=storage taint=0
[:xdata] XEV seq=373 op=W addr=03ee pc=8faf value=00 class=storage taint=0
[:xdata] XEV seq=374 op=W addr=03ef pc=8faf value=00 class=storage taint=0
[:xdata] XEV seq=375 op=W addr=03f0 pc=8faf value=00 class=storage taint=0
[:xdata] XEV seq=376 op=W addr=03f1 pc=8faf value=00 class=storage taint=0
[:xdata] XEV seq=377 op=W addr=03f2 pc=8faf value=00 class=storage taint=0
[:xdata] XEV seq=378 op=W addr=03f3 pc=8faf value=00 class=storage taint=0
[:xdata] XEV seq=379 op=W addr=03f4 pc=8faf value=00 class=storage taint=0
[:xdata] XEV seq=380 op=W addr=03f5 pc=8faf value=00 class=storage taint=0
[:xdata] XEV seq=381 op=W addr=03f6 pc=8faf value=00 class=storage taint=0
[:xdata] XEV seq=382 op=W addr=03f7 pc=8faf value=00 class=storage taint=0
[:xdata] XEV seq=383 op=W addr=03f8 pc=8faf value=00 class=storage taint=0
[:xdata] XEV seq=384 op=W addr=03f9 pc=8faf value=00 class=storage taint=0
[:xdata] XEV seq=385 op=W addr=03fa pc=8faf value=00 class=storage taint=0
[:xdata] XEV seq=386 op=W addr=03fb pc=8faf value=00 class=storage taint=0
[:xdata] XEV seq=387 op=W addr=03fc pc=8faf value=00 class=storage taint=0
[:xdata] XEV seq=388 op=W addr=03fd pc=8faf value=00 class=storage taint=0
[:xdata] XEV seq=389 op=W addr=03fe pc=8faf value=00 class=storage taint=0
[:xdata] XEV seq=390 op=W addr=03ff pc=8faf value=00 class=storage taint=0
[:xdata] XEV seq=391 op=W addr=00f2 pc=8fbe value=03 class=storage taint=0
[:xdata] XEV seq=392 op=W addr=00f3 pc=8fc2 value=00 class=storage taint=0
[:xdata] XEV seq=393 op=W addr=002f pc=8fc6 value=00 class=storage taint=0
[:maincpu] write of un-hooked port 2 02
[:xdata] XEV seq=394 op=W addr=0225 pc=8fce value=55 class=storage taint=0
[:maincpu] write of un-hooked port 2 00
[:maincpu] write of un-hooked port 2 00
[:xdata] XEV seq=395 op=W addr=0080 pc=8182 value=00 class=storage taint=0
[:xdata] XEV seq=396 op=W addr=0081 pc=8188 value=01 class=storage taint=0
[:xdata] XEV seq=397 op=W addr=0082 pc=818c value=0a class=storage taint=0
[:xdata] XEV seq=398 op=W addr=0083 pc=818f value=00 class=storage taint=0
[:xdata] XEV seq=399 op=W addr=0084 pc=8191 value=00 class=storage taint=0
[:xdata] XEV seq=400 op=W addr=0085 pc=8196 value=14 class=storage taint=0
[:xdata] XEV seq=401 op=W addr=00c3 pc=8fda value=b4 class=storage taint=0
[:xdata] XEV seq=402 op=W addr=00c4 pc=8fde value=64 class=storage taint=0
[:xdata] XEV seq=403 op=W addr=00c5 pc=8fe0 value=64 class=storage taint=0
[:xdata] XEV seq=404 op=R addr=00c2 pc=8fe3 value=00 class=storage taint=0
[:xdata] XEV seq=405 op=W addr=00c2 pc=8fec value=00 class=storage taint=0
[:xdata] XEV seq=406 op=W addr=008c pc=8ff0 value=00 class=storage taint=0
[:xdata] XEV seq=407 op=W addr=00db pc=8ff6 value=1e class=storage taint=0
[:xdata] XEV seq=408 op=W addr=00dc pc=8ffa value=64 class=storage taint=0
[:xdata] XEV seq=409 op=W addr=00dd pc=8ffc value=64 class=storage taint=0
[:xdata] XEV seq=410 op=W addr=00f7 pc=9002 value=01 class=storage taint=0
[:xdata] XEV seq=411 op=W addr=00f8 pc=9006 value=0a class=storage taint=0
[:xdata] XEV seq=412 op=W addr=00f9 pc=9008 value=0a class=storage taint=0
[:xdata] XEV seq=413 op=W addr=00f4 pc=900e value=01 class=storage taint=0
[:xdata] XEV seq=414 op=W addr=00f5 pc=9012 value=0a class=storage taint=0
[:xdata] XEV seq=415 op=W addr=00f6 pc=9014 value=0a class=storage taint=0
[:maincpu] write of un-hooked port 2 01
[:xdata] XEV seq=416 op=W addr=0110 pc=78ba value=00 class=storage taint=0
[:maincpu] write of un-hooked port 2 00
[:xdata] XEV seq=417 op=W addr=0111 pc=78c3 value=1e class=storage taint=0
[:xdata] XEV seq=418 op=W addr=0112 pc=78c9 value=80 class=storage taint=0
[:xdata] XEV seq=419 op=W addr=0113 pc=78cb value=80 class=storage taint=0
[:xdata] XEV seq=420 op=W addr=0114 pc=78cd value=80 class=storage taint=0
[:maincpu] write of un-hooked port 1 ff
[:maincpu] write of un-hooked port 3 ff
[:maincpu] write of un-hooked port 4 ff
[:maincpu] read of un-hooked port 5 (PC=5CB9)
[:maincpu] write of un-hooked port 5 ff
[:maincpu] read of un-hooked port 3 (PC=5CD6)
[:maincpu] read of un-hooked port 3 (PC=5CD6)
[:maincpu] read of un-hooked port 3 (PC=5CD9)
[:maincpu] read of un-hooked port 3 (PC=5CD9)
[:maincpu] read of un-hooked port 3 (PC=5CDC)
[:maincpu] read of un-hooked port 3 (PC=5CDC)
[:maincpu] read of un-hooked port 3 (PC=5CDF)
[:maincpu] read of un-hooked port 3 (PC=5CDF)
[:maincpu] read of un-hooked port 3 (PC=5CE2)
[:maincpu] read of un-hooked port 3 (PC=5CE2)
[:maincpu] write of un-hooked port 2 a0
[:maincpu] read of un-hooked port 3 (PC=5CE5)
[:maincpu] read of un-hooked port 3 (PC=5CE5)
[:maincpu] read of un-hooked port 3 (PC=5CE8)
[:xdata] UNKNOWN read addr=a040 pc=5cea value=00 kind=input-status source=global-approximation branch_pc=5cef
[:xdata] XEV seq=421 op=R addr=a040 pc=5cea value=00 class=input-status taint=1
[:xdata] XMODEL stop=unknown-read
[:maincpu] read of un-hooked port 3 (PC=5CEA)
[:maincpu] read of un-hooked port 3 (PC=5CEA)
[:xdata] XSUMMARY events=421 read_addresses=4 write_addresses=402 unknown_reads=1 first_unknown_addr=a040 first_unknown_pc=5cea overflow=0 out40_written=1 out41_written=1 out40=ff out41=ff
[:] ESUMMARY reason=external-stop instructions=2355 cycles=0 exit_cycles=16668 last_pc=5cea deepest_pc=9015 startup_frontier=5cea init_entries=1 foreground_entries=0 timer2_entries=0 pc_hash=4ac70922c53aeaa2
