CYC=0 0000: debugger-start
CYC=2 0073: mov   a,ip0
CYC=3 0075: mov   c,acc.6
CYC=4 0077: mov   f0,c
CYC=6 0079: setb  swdt
CYC=7 007B: ljmp  $20E0
CYC=9 20E0: ljmp  $5C00
CYC=11 5C00: setb  swdt
CYC=12 5C02: setb  clk
CYC=13 5C04: mov   dph,#$A0
CYC=15 5C07: mov   dpl,#$81
CYC=17 5C0A: mov   a,#$01
CYC=18 5C0C: movx  @dptr,a
[:maincpu] ':maincpu' (5C0D): unmapped xdata memory write to A081 = 01 & FF
CYC=20 5C0D: mov   dpl,#$10
CYC=22 5C10: mov   a,#$81
CYC=23 5C12: movx  @dptr,a
[:maincpu] ':maincpu' (5C13): unmapped xdata memory write to A010 = 81 & FF
CYC=25 5C13: inc   dptr
CYC=27 5C14: mov   a,#$81
CYC=28 5C16: movx  @dptr,a
[:maincpu] ':maincpu' (5C17): unmapped xdata memory write to A011 = 81 & FF
CYC=30 5C17: mov   dpl,#$40
CYC=32 5C1A: mov   a,#$FF
CYC=33 5C1C: movx  @dptr,a
CYC=35 5C1D: inc   dptr
CYC=37 5C1E: mov   a,#$FF
CYC=38 5C20: movx  @dptr,a
CYC=40 5C21: mov   dpl,#$02
CYC=42 5C24: mov   a,#$00
CYC=43 5C26: movx  @dptr,a
[:maincpu] ':maincpu' (5C27): unmapped xdata memory write to A002 = 00 & FF
CYC=45 5C27: inc   dptr
CYC=47 5C28: mov   a,#$00
CYC=48 5C2A: movx  @dptr,a
[:maincpu] ':maincpu' (5C2B): unmapped xdata memory write to A003 = 00 & FF
