Soft reset
[:maincpu] write of un-hooked port 3 fd
[:maincpu] write of un-hooked port 2 ff
[:maincpu] write of un-hooked port 1 ff
[:maincpu] write of un-hooked port 0 ff
[:maincpu] ':maincpu' (5C0D): unmapped xdata memory write to A081 = 01 & FF
[:maincpu] ':maincpu' (5C13): unmapped xdata memory write to A010 = 81 & FF
[:maincpu] ':maincpu' (5C17): unmapped xdata memory write to A011 = 81 & FF
[:maincpu] ':maincpu' (5C27): unmapped xdata memory write to A002 = 00 & FF
[:maincpu] ':maincpu' (5C2B): unmapped xdata memory write to A003 = 00 & FF
[:maincpu] ':maincpu' (5C2F): unmapped xdata memory write to A004 = 00 & FF
[:maincpu] ':maincpu' (5C33): unmapped xdata memory write to A005 = 00 & FF
[:maincpu] ':maincpu' (5C39): unmapped xdata memory write to A008 = 00 & FF
[:maincpu] ':maincpu' (5C3D): unmapped xdata memory write to A009 = 00 & FF
[:maincpu] ':maincpu' (5C43): unmapped xdata memory write to A021 = D7 & FF
[:maincpu] ':maincpu' (5C49): unmapped xdata memory write to A020 = FF & FF
[:maincpu] ':maincpu' (5C4F): unmapped xdata memory write to 0162 = D7 & FF
[:maincpu] write of un-hooked port 2 00
[:maincpu] ':maincpu' (5C55): unmapped xdata memory read from 0000 & FF
[:maincpu] write of un-hooked port 2 01
[:maincpu] ':maincpu' (5C79): unmapped xdata memory write to 015B = 00 & FF
[:maincpu] write of un-hooked port 2 00
[:maincpu] write of un-hooked port 2 01
[:maincpu] ':maincpu' (5C82): unmapped xdata memory read from 015B & FF
[:maincpu] write of un-hooked port 2 02
[:maincpu] ':maincpu' (5C8B): unmapped xdata memory write to 020B = 00 & FF
[:maincpu] ':maincpu' (5C90): unmapped xdata memory write to 020C = AA & FF
[:maincpu] read of un-hooked port 5 (PC=5C9F)
[:maincpu] write of un-hooked port 5 ff
[:maincpu] write of un-hooked port 2 00
[:maincpu] write of un-hooked port 2 01
[:maincpu] ':maincpu' (8F9D): unmapped xdata memory read from 015B & FF
[:maincpu] write of un-hooked port 2 00
[:maincpu] ':maincpu' (8FA7): unmapped xdata memory write to 00F1 = 00 & FF
[:maincpu] ':maincpu' (8FA7): unmapped xdata memory write to 00F0 = 00 & FF
[:maincpu] ':maincpu' (8FA7): unmapped xdata memory write to 00EF = 00 & FF
[:maincpu] ':maincpu' (8FA7): unmapped xdata memory write to 00EE = 00 & FF
[:maincpu] ':maincpu' (8FA7): unmapped xdata memory write to 00ED = 00 & FF
[:maincpu] ':maincpu' (8FA7): unmapped xdata memory write to 00EC = 00 & FF
[:maincpu] ':maincpu' (8FA7): unmapped xdata memory write to 00EB = 00 & FF
[:maincpu] ':maincpu' (8FA7): unmapped xdata memory write to 00EA = 00 & FF
[:maincpu] ':maincpu' (8FA7): unmapped xdata memory write to 00E9 = 00 & FF
[:maincpu] ':maincpu' (8FA7): unmapped xdata memory write to 00E8 = 00 & FF
[:maincpu] ':maincpu' (8FA7): unmapped xdata memory write to 00E7 = 00 & FF
[:maincpu] ':maincpu' (8FA7): unmapped xdata memory write to 00E6 = 00 & FF
[:maincpu] ':maincpu' (8FA7): unmapped xdata memory write to 00E5 = 00 & FF
[:maincpu] ':maincpu' (8FA7): unmapped xdata memory write to 00E4 = 00 & FF
[:maincpu] ':maincpu' (8FA7): unmapped xdata memory write to 00E3 = 00 & FF
[:maincpu] ':maincpu' (8FA7): unmapped xdata memory write to 00E2 = 00 & FF
[:maincpu] ':maincpu' (8FA7): unmapped xdata memory write to 00E1 = 00 & FF
[:maincpu] ':maincpu' (8FA7): unmapped xdata memory write to 00E0 = 00 & FF
[:maincpu] ':maincpu' (8FA7): unmapped xdata memory write to 00DF = 00 & FF
[:maincpu] ':maincpu' (8FA7): unmapped xdata memory write to 00DE = 00 & FF
[:maincpu] ':maincpu' (8FA7): unmapped xdata memory write to 00DD = 00 & FF
[:maincpu] ':maincpu' (8FA7): unmapped xdata memory write to 00DC = 00 & FF
[:maincpu] ':maincpu' (8FA7): unmapped xdata memory write to 00DB = 00 & FF
[:maincpu] ':maincpu' (8FA7): unmapped xdata memory write to 00DA = 00 & FF
[:maincpu] ':maincpu' (8FA7): unmapped xdata memory write to 00D9 = 00 & FF
[:maincpu] ':maincpu' (8FA7): unmapped xdata memory write to 00D8 = 00 & FF
[:maincpu] ':maincpu' (8FA7): unmapped xdata memory write to 00D7 = 00 & FF
[:maincpu] ':maincpu' (8FA7): unmapped xdata memory write to 00D6 = 00 & FF
[:maincpu] ':maincpu' (8FA7): unmapped xdata memory write to 00D5 = 00 & FF
[:maincpu] ':maincpu' (8FA7): unmapped xdata memory write to 00D4 = 00 & FF
[:maincpu] ':maincpu' (8FA7): unmapped xdata memory write to 00D3 = 00 & FF
[:maincpu] ':maincpu' (8FA7): unmapped xdata memory write to 00D2 = 00 & FF
[:maincpu] ':maincpu' (8FA7): unmapped xdata memory write to 00D1 = 00 & FF
[:maincpu] ':maincpu' (8FA7): unmapped xdata memory write to 00D0 = 00 & FF
[:maincpu] ':maincpu' (8FA7): unmapped xdata memory write to 00CF = 00 & FF
[:maincpu] ':maincpu' (8FA7): unmapped xdata memory write to 00CE = 00 & FF
[:maincpu] ':maincpu' (8FA7): unmapped xdata memory write to 00CD = 00 & FF
[:maincpu] ':maincpu' (8FA7): unmapped xdata memory write to 00CC = 00 & FF
[:maincpu] ':maincpu' (8FA7): unmapped xdata memory write to 00CB = 00 & FF
[:maincpu] ':maincpu' (8FA7): unmapped xdata memory write to 00CA = 00 & FF
[:maincpu] ':maincpu' (8FA7): unmapped xdata memory write to 00C9 = 00 & FF
[:maincpu] ':maincpu' (8FA7): unmapped xdata memory write to 00C8 = 00 & FF
[:maincpu] ':maincpu' (8FA7): unmapped xdata memory write to 00C7 = 00 & FF
[:maincpu] ':maincpu' (8FA7): unmapped xdata memory write to 00C6 = 00 & FF
[:maincpu] ':maincpu' (8FA7): unmapped xdata memory write to 00C5 = 00 & FF
[:maincpu] ':maincpu' (8FA7): unmapped xdata memory write to 00C4 = 00 & FF
[:maincpu] ':maincpu' (8FA7): unmapped xdata memory write to 00C3 = 00 & FF
[:maincpu] ':maincpu' (8FA7): unmapped xdata memory write to 00C2 = 00 & FF
[:maincpu] ':maincpu' (8FA7): unmapped xdata memory write to 00C1 = 00 & FF
[:maincpu] ':maincpu' (8FA7): unmapped xdata memory write to 00C0 = 00 & FF
[:maincpu] ':maincpu' (8FA7): unmapped xdata memory write to 00BF = 00 & FF
[:maincpu] ':maincpu' (8FA7): unmapped xdata memory write to 00BE = 00 & FF
[:maincpu] ':maincpu' (8FA7): unmapped xdata memory write to 00BD = 00 & FF
[:maincpu] ':maincpu' (8FA7): unmapped xdata memory write to 00BC = 00 & FF
[:maincpu] ':maincpu' (8FA7): unmapped xdata memory write to 00BB = 00 & FF
[:maincpu] ':maincpu' (8FA7): unmapped xdata memory write to 00BA = 00 & FF
[:maincpu] ':maincpu' (8FA7): unmapped xdata memory write to 00B9 = 00 & FF
[:maincpu] ':maincpu' (8FA7): unmapped xdata memory write to 00B8 = 00 & FF
[:maincpu] ':maincpu' (8FA7): unmapped xdata memory write to 00B7 = 00 & FF
[:maincpu] ':maincpu' (8FA7): unmapped xdata memory write to 00B6 = 00 & FF
[:maincpu] ':maincpu' (8FA7): unmapped xdata memory write to 00B5 = 00 & FF
[:maincpu] ':maincpu' (8FA7): unmapped xdata memory write to 00B4 = 00 & FF
[:maincpu] ':maincpu' (8FA7): unmapped xdata memory write to 00B3 = 00 & FF
[:maincpu] ':maincpu' (8FA7): unmapped xdata memory write to 00B2 = 00 & FF
[:maincpu] ':maincpu' (8FA7): unmapped xdata memory write to 00B1 = 00 & FF
[:maincpu] ':maincpu' (8FA7): unmapped xdata memory write to 00B0 = 00 & FF
[:maincpu] ':maincpu' (8FA7): unmapped xdata memory write to 00AF = 00 & FF
[:maincpu] ':maincpu' (8FA7): unmapped xdata memory write to 00AE = 00 & FF
[:maincpu] ':maincpu' (8FA7): unmapped xdata memory write to 00AD = 00 & FF
[:maincpu] ':maincpu' (8FA7): unmapped xdata memory write to 00AC = 00 & FF
[:maincpu] ':maincpu' (8FA7): unmapped xdata memory write to 00AB = 00 & FF
[:maincpu] ':maincpu' (8FA7): unmapped xdata memory write to 00AA = 00 & FF
[:maincpu] ':maincpu' (8FA7): unmapped xdata memory write to 00A9 = 00 & FF
[:maincpu] ':maincpu' (8FA7): unmapped xdata memory write to 00A8 = 00 & FF
[:maincpu] ':maincpu' (8FA7): unmapped xdata memory write to 00A7 = 00 & FF
[:maincpu] ':maincpu' (8FA7): unmapped xdata memory write to 00A6 = 00 & FF
[:maincpu] ':maincpu' (8FA7): unmapped xdata memory write to 00A5 = 00 & FF
[:maincpu] ':maincpu' (8FA7): unmapped xdata memory write to 00A4 = 00 & FF
[:maincpu] ':maincpu' (8FA7): unmapped xdata memory write to 00A3 = 00 & FF
[:maincpu] ':maincpu' (8FA7): unmapped xdata memory write to 00A2 = 00 & FF
[:maincpu] ':maincpu' (8FA7): unmapped xdata memory write to 00A1 = 00 & FF
[:maincpu] ':maincpu' (8FA7): unmapped xdata memory write to 00A0 = 00 & FF
[:maincpu] ':maincpu' (8FA7): unmapped xdata memory write to 009F = 00 & FF
[:maincpu] ':maincpu' (8FA7): unmapped xdata memory write to 009E = 00 & FF
[:maincpu] ':maincpu' (8FA7): unmapped xdata memory write to 009D = 00 & FF
[:maincpu] ':maincpu' (8FA7): unmapped xdata memory write to 009C = 00 & FF
[:maincpu] ':maincpu' (8FA7): unmapped xdata memory write to 009B = 00 & FF
[:maincpu] ':maincpu' (8FA7): unmapped xdata memory write to 009A = 00 & FF
[:maincpu] ':maincpu' (8FA7): unmapped xdata memory write to 0099 = 00 & FF
[:maincpu] ':maincpu' (8FA7): unmapped xdata memory write to 0098 = 00 & FF
[:maincpu] ':maincpu' (8FA7): unmapped xdata memory write to 0097 = 00 & FF
[:maincpu] ':maincpu' (8FA7): unmapped xdata memory write to 0096 = 00 & FF
[:maincpu] ':maincpu' (8FA7): unmapped xdata memory write to 0095 = 00 & FF
[:maincpu] ':maincpu' (8FA7): unmapped xdata memory write to 0094 = 00 & FF
[:maincpu] ':maincpu' (8FA7): unmapped xdata memory write to 0093 = 00 & FF
[:maincpu] ':maincpu' (8FA7): unmapped xdata memory write to 0092 = 00 & FF
[:maincpu] ':maincpu' (8FA7): unmapped xdata memory write to 0091 = 00 & FF
[:maincpu] ':maincpu' (8FA7): unmapped xdata memory write to 0090 = 00 & FF
[:maincpu] ':maincpu' (8FA7): unmapped xdata memory write to 008F = 00 & FF
[:maincpu] ':maincpu' (8FA7): unmapped xdata memory write to 008E = 00 & FF
[:maincpu] ':maincpu' (8FA7): unmapped xdata memory write to 008D = 00 & FF
[:maincpu] ':maincpu' (8FA7): unmapped xdata memory write to 008C = 00 & FF
[:maincpu] ':maincpu' (8FA7): unmapped xdata memory write to 008B = 00 & FF
[:maincpu] ':maincpu' (8FA7): unmapped xdata memory write to 008A = 00 & FF
[:maincpu] ':maincpu' (8FA7): unmapped xdata memory write to 0089 = 00 & FF
[:maincpu] ':maincpu' (8FA7): unmapped xdata memory write to 0088 = 00 & FF
[:maincpu] ':maincpu' (8FA7): unmapped xdata memory write to 0087 = 00 & FF
[:maincpu] ':maincpu' (8FA7): unmapped xdata memory write to 0086 = 00 & FF
[:maincpu] ':maincpu' (8FA7): unmapped xdata memory write to 0085 = 00 & FF
[:maincpu] ':maincpu' (8FA7): unmapped xdata memory write to 0084 = 00 & FF
[:maincpu] ':maincpu' (8FA7): unmapped xdata memory write to 0083 = 00 & FF
[:maincpu] ':maincpu' (8FA7): unmapped xdata memory write to 0082 = 00 & FF
[:maincpu] ':maincpu' (8FA7): unmapped xdata memory write to 0081 = 00 & FF
[:maincpu] ':maincpu' (8FA7): unmapped xdata memory write to 0080 = 00 & FF
[:maincpu] ':maincpu' (8FB0): unmapped xdata memory write to 0300 = 00 & FF
[:maincpu] ':maincpu' (8FB0): unmapped xdata memory write to 0301 = 00 & FF
[:maincpu] ':maincpu' (8FB0): unmapped xdata memory write to 0302 = 00 & FF
[:maincpu] ':maincpu' (8FB0): unmapped xdata memory write to 0303 = 00 & FF
[:maincpu] ':maincpu' (8FB0): unmapped xdata memory write to 0304 = 00 & FF
[:maincpu] ':maincpu' (8FB0): unmapped xdata memory write to 0305 = 00 & FF
[:maincpu] ':maincpu' (8FB0): unmapped xdata memory write to 0306 = 00 & FF
[:maincpu] ':maincpu' (8FB0): unmapped xdata memory write to 0307 = 00 & FF
[:maincpu] ':maincpu' (8FB0): unmapped xdata memory write to 0308 = 00 & FF
[:maincpu] ':maincpu' (8FB0): unmapped xdata memory write to 0309 = 00 & FF
[:maincpu] ':maincpu' (8FB0): unmapped xdata memory write to 030A = 00 & FF
[:maincpu] ':maincpu' (8FB0): unmapped xdata memory write to 030B = 00 & FF
[:maincpu] ':maincpu' (8FB0): unmapped xdata memory write to 030C = 00 & FF
[:maincpu] ':maincpu' (8FB0): unmapped xdata memory write to 030D = 00 & FF
[:maincpu] ':maincpu' (8FB0): unmapped xdata memory write to 030E = 00 & FF
[:maincpu] ':maincpu' (8FB0): unmapped xdata memory write to 030F = 00 & FF
[:maincpu] ':maincpu' (8FB0): unmapped xdata memory write to 0310 = 00 & FF
[:maincpu] ':maincpu' (8FB0): unmapped xdata memory write to 0311 = 00 & FF
[:maincpu] ':maincpu' (8FB0): unmapped xdata memory write to 0312 = 00 & FF
[:maincpu] ':maincpu' (8FB0): unmapped xdata memory write to 0313 = 00 & FF
[:maincpu] ':maincpu' (8FB0): unmapped xdata memory write to 0314 = 00 & FF
[:maincpu] ':maincpu' (8FB0): unmapped xdata memory write to 0315 = 00 & FF
[:maincpu] ':maincpu' (8FB0): unmapped xdata memory write to 0316 = 00 & FF
[:maincpu] ':maincpu' (8FB0): unmapped xdata memory write to 0317 = 00 & FF
[:maincpu] ':maincpu' (8FB0): unmapped xdata memory write to 0318 = 00 & FF
[:maincpu] ':maincpu' (8FB0): unmapped xdata memory write to 0319 = 00 & FF
[:maincpu] ':maincpu' (8FB0): unmapped xdata memory write to 031A = 00 & FF
[:maincpu] ':maincpu' (8FB0): unmapped xdata memory write to 031B = 00 & FF
[:maincpu] ':maincpu' (8FB0): unmapped xdata memory write to 031C = 00 & FF
[:maincpu] ':maincpu' (8FB0): unmapped xdata memory write to 031D = 00 & FF
[:maincpu] ':maincpu' (8FB0): unmapped xdata memory write to 031E = 00 & FF
[:maincpu] ':maincpu' (8FB0): unmapped xdata memory write to 031F = 00 & FF
[:maincpu] ':maincpu' (8FB0): unmapped xdata memory write to 0320 = 00 & FF
[:maincpu] ':maincpu' (8FB0): unmapped xdata memory write to 0321 = 00 & FF
[:maincpu] ':maincpu' (8FB0): unmapped xdata memory write to 0322 = 00 & FF
[:maincpu] ':maincpu' (8FB0): unmapped xdata memory write to 0323 = 00 & FF
[:maincpu] ':maincpu' (8FB0): unmapped xdata memory write to 0324 = 00 & FF
[:maincpu] ':maincpu' (8FB0): unmapped xdata memory write to 0325 = 00 & FF
[:maincpu] ':maincpu' (8FB0): unmapped xdata memory write to 0326 = 00 & FF
[:maincpu] ':maincpu' (8FB0): unmapped xdata memory write to 0327 = 00 & FF
[:maincpu] ':maincpu' (8FB0): unmapped xdata memory write to 0328 = 00 & FF
[:maincpu] ':maincpu' (8FB0): unmapped xdata memory write to 0329 = 00 & FF
[:maincpu] ':maincpu' (8FB0): unmapped xdata memory write to 032A = 00 & FF
[:maincpu] ':maincpu' (8FB0): unmapped xdata memory write to 032B = 00 & FF
[:maincpu] ':maincpu' (8FB0): unmapped xdata memory write to 032C = 00 & FF
[:maincpu] ':maincpu' (8FB0): unmapped xdata memory write to 032D = 00 & FF
[:maincpu] ':maincpu' (8FB0): unmapped xdata memory write to 032E = 00 & FF
[:maincpu] ':maincpu' (8FB0): unmapped xdata memory write to 032F = 00 & FF
[:maincpu] ':maincpu' (8FB0): unmapped xdata memory write to 0330 = 00 & FF
[:maincpu] ':maincpu' (8FB0): unmapped xdata memory write to 0331 = 00 & FF
[:maincpu] ':maincpu' (8FB0): unmapped xdata memory write to 0332 = 00 & FF
[:maincpu] ':maincpu' (8FB0): unmapped xdata memory write to 0333 = 00 & FF
[:maincpu] ':maincpu' (8FB0): unmapped xdata memory write to 0334 = 00 & FF
[:maincpu] ':maincpu' (8FB0): unmapped xdata memory write to 0335 = 00 & FF
[:maincpu] ':maincpu' (8FB0): unmapped xdata memory write to 0336 = 00 & FF
[:maincpu] ':maincpu' (8FB0): unmapped xdata memory write to 0337 = 00 & FF
[:maincpu] ':maincpu' (8FB0): unmapped xdata memory write to 0338 = 00 & FF
[:maincpu] ':maincpu' (8FB0): unmapped xdata memory write to 0339 = 00 & FF
[:maincpu] ':maincpu' (8FB0): unmapped xdata memory write to 033A = 00 & FF
[:maincpu] ':maincpu' (8FB0): unmapped xdata memory write to 033B = 00 & FF
[:maincpu] ':maincpu' (8FB0): unmapped xdata memory write to 033C = 00 & FF
[:maincpu] ':maincpu' (8FB0): unmapped xdata memory write to 033D = 00 & FF
[:maincpu] ':maincpu' (8FB0): unmapped xdata memory write to 033E = 00 & FF
[:maincpu] ':maincpu' (8FB0): unmapped xdata memory write to 033F = 00 & FF
[:maincpu] ':maincpu' (8FB0): unmapped xdata memory write to 0340 = 00 & FF
[:maincpu] ':maincpu' (8FB0): unmapped xdata memory write to 0341 = 00 & FF
[:maincpu] ':maincpu' (8FB0): unmapped xdata memory write to 0342 = 00 & FF
[:maincpu] ':maincpu' (8FB0): unmapped xdata memory write to 0343 = 00 & FF
[:maincpu] ':maincpu' (8FB0): unmapped xdata memory write to 0344 = 00 & FF
[:maincpu] ':maincpu' (8FB0): unmapped xdata memory write to 0345 = 00 & FF
[:maincpu] ':maincpu' (8FB0): unmapped xdata memory write to 0346 = 00 & FF
[:maincpu] ':maincpu' (8FB0): unmapped xdata memory write to 0347 = 00 & FF
[:maincpu] ':maincpu' (8FB0): unmapped xdata memory write to 0348 = 00 & FF
[:maincpu] ':maincpu' (8FB0): unmapped xdata memory write to 0349 = 00 & FF
[:maincpu] ':maincpu' (8FB0): unmapped xdata memory write to 034A = 00 & FF
[:maincpu] ':maincpu' (8FB0): unmapped xdata memory write to 034B = 00 & FF
[:maincpu] ':maincpu' (8FB0): unmapped xdata memory write to 034C = 00 & FF
[:maincpu] ':maincpu' (8FB0): unmapped xdata memory write to 034D = 00 & FF
[:maincpu] ':maincpu' (8FB0): unmapped xdata memory write to 034E = 00 & FF
[:maincpu] ':maincpu' (8FB0): unmapped xdata memory write to 034F = 00 & FF
[:maincpu] ':maincpu' (8FB0): unmapped xdata memory write to 0350 = 00 & FF
[:maincpu] ':maincpu' (8FB0): unmapped xdata memory write to 0351 = 00 & FF
[:maincpu] ':maincpu' (8FB0): unmapped xdata memory write to 0352 = 00 & FF
[:maincpu] ':maincpu' (8FB0): unmapped xdata memory write to 0353 = 00 & FF
[:maincpu] ':maincpu' (8FB0): unmapped xdata memory write to 0354 = 00 & FF
[:maincpu] ':maincpu' (8FB0): unmapped xdata memory write to 0355 = 00 & FF
[:maincpu] ':maincpu' (8FB0): unmapped xdata memory write to 0356 = 00 & FF
[:maincpu] ':maincpu' (8FB0): unmapped xdata memory write to 0357 = 00 & FF
[:maincpu] ':maincpu' (8FB0): unmapped xdata memory write to 0358 = 00 & FF
[:maincpu] ':maincpu' (8FB0): unmapped xdata memory write to 0359 = 00 & FF
[:maincpu] ':maincpu' (8FB0): unmapped xdata memory write to 035A = 00 & FF
[:maincpu] ':maincpu' (8FB0): unmapped xdata memory write to 035B = 00 & FF
[:maincpu] ':maincpu' (8FB0): unmapped xdata memory write to 035C = 00 & FF
[:maincpu] ':maincpu' (8FB0): unmapped xdata memory write to 035D = 00 & FF
[:maincpu] ':maincpu' (8FB0): unmapped xdata memory write to 035E = 00 & FF
[:maincpu] ':maincpu' (8FB0): unmapped xdata memory write to 035F = 00 & FF
[:maincpu] ':maincpu' (8FB0): unmapped xdata memory write to 0360 = 00 & FF
[:maincpu] ':maincpu' (8FB0): unmapped xdata memory write to 0361 = 00 & FF
[:maincpu] ':maincpu' (8FB0): unmapped xdata memory write to 0362 = 00 & FF
[:maincpu] ':maincpu' (8FB0): unmapped xdata memory write to 0363 = 00 & FF
[:maincpu] ':maincpu' (8FB0): unmapped xdata memory write to 0364 = 00 & FF
[:maincpu] ':maincpu' (8FB0): unmapped xdata memory write to 0365 = 00 & FF
[:maincpu] ':maincpu' (8FB0): unmapped xdata memory write to 0366 = 00 & FF
[:maincpu] ':maincpu' (8FB0): unmapped xdata memory write to 0367 = 00 & FF
[:maincpu] ':maincpu' (8FB0): unmapped xdata memory write to 0368 = 00 & FF
[:maincpu] ':maincpu' (8FB0): unmapped xdata memory write to 0369 = 00 & FF
[:maincpu] ':maincpu' (8FB0): unmapped xdata memory write to 036A = 00 & FF
[:maincpu] ':maincpu' (8FB0): unmapped xdata memory write to 036B = 00 & FF
[:maincpu] ':maincpu' (8FB0): unmapped xdata memory write to 036C = 00 & FF
[:maincpu] ':maincpu' (8FB0): unmapped xdata memory write to 036D = 00 & FF
[:maincpu] ':maincpu' (8FB0): unmapped xdata memory write to 036E = 00 & FF
[:maincpu] ':maincpu' (8FB0): unmapped xdata memory write to 036F = 00 & FF
[:maincpu] ':maincpu' (8FB0): unmapped xdata memory write to 0370 = 00 & FF
[:maincpu] ':maincpu' (8FB0): unmapped xdata memory write to 0371 = 00 & FF
[:maincpu] ':maincpu' (8FB0): unmapped xdata memory write to 0372 = 00 & FF
[:maincpu] ':maincpu' (8FB0): unmapped xdata memory write to 0373 = 00 & FF
[:maincpu] ':maincpu' (8FB0): unmapped xdata memory write to 0374 = 00 & FF
[:maincpu] ':maincpu' (8FB0): unmapped xdata memory write to 0375 = 00 & FF
[:maincpu] ':maincpu' (8FB0): unmapped xdata memory write to 0376 = 00 & FF
[:maincpu] ':maincpu' (8FB0): unmapped xdata memory write to 0377 = 00 & FF
[:maincpu] ':maincpu' (8FB0): unmapped xdata memory write to 0378 = 00 & FF
[:maincpu] ':maincpu' (8FB0): unmapped xdata memory write to 0379 = 00 & FF
[:maincpu] ':maincpu' (8FB0): unmapped xdata memory write to 037A = 00 & FF
[:maincpu] ':maincpu' (8FB0): unmapped xdata memory write to 037B = 00 & FF
[:maincpu] ':maincpu' (8FB0): unmapped xdata memory write to 037C = 00 & FF
[:maincpu] ':maincpu' (8FB0): unmapped xdata memory write to 037D = 00 & FF
[:maincpu] ':maincpu' (8FB0): unmapped xdata memory write to 037E = 00 & FF
[:maincpu] ':maincpu' (8FB0): unmapped xdata memory write to 037F = 00 & FF
[:maincpu] ':maincpu' (8FB0): unmapped xdata memory write to 0380 = 00 & FF
[:maincpu] ':maincpu' (8FB0): unmapped xdata memory write to 0381 = 00 & FF
[:maincpu] ':maincpu' (8FB0): unmapped xdata memory write to 0382 = 00 & FF
[:maincpu] ':maincpu' (8FB0): unmapped xdata memory write to 0383 = 00 & FF
[:maincpu] ':maincpu' (8FB0): unmapped xdata memory write to 0384 = 00 & FF
[:maincpu] ':maincpu' (8FB0): unmapped xdata memory write to 0385 = 00 & FF
[:maincpu] ':maincpu' (8FB0): unmapped xdata memory write to 0386 = 00 & FF
[:maincpu] ':maincpu' (8FB0): unmapped xdata memory write to 0387 = 00 & FF
[:maincpu] ':maincpu' (8FB0): unmapped xdata memory write to 0388 = 00 & FF
[:maincpu] ':maincpu' (8FB0): unmapped xdata memory write to 0389 = 00 & FF
[:maincpu] ':maincpu' (8FB0): unmapped xdata memory write to 038A = 00 & FF
[:maincpu] ':maincpu' (8FB0): unmapped xdata memory write to 038B = 00 & FF
[:maincpu] ':maincpu' (8FB0): unmapped xdata memory write to 038C = 00 & FF
[:maincpu] ':maincpu' (8FB0): unmapped xdata memory write to 038D = 00 & FF
[:maincpu] ':maincpu' (8FB0): unmapped xdata memory write to 038E = 00 & FF
[:maincpu] ':maincpu' (8FB0): unmapped xdata memory write to 038F = 00 & FF
[:maincpu] ':maincpu' (8FB0): unmapped xdata memory write to 0390 = 00 & FF
[:maincpu] ':maincpu' (8FB0): unmapped xdata memory write to 0391 = 00 & FF
[:maincpu] ':maincpu' (8FB0): unmapped xdata memory write to 0392 = 00 & FF
[:maincpu] ':maincpu' (8FB0): unmapped xdata memory write to 0393 = 00 & FF
[:maincpu] ':maincpu' (8FB0): unmapped xdata memory write to 0394 = 00 & FF
[:maincpu] ':maincpu' (8FB0): unmapped xdata memory write to 0395 = 00 & FF
[:maincpu] ':maincpu' (8FB0): unmapped xdata memory write to 0396 = 00 & FF
[:maincpu] ':maincpu' (8FB0): unmapped xdata memory write to 0397 = 00 & FF
[:maincpu] ':maincpu' (8FB0): unmapped xdata memory write to 0398 = 00 & FF
[:maincpu] ':maincpu' (8FB0): unmapped xdata memory write to 0399 = 00 & FF
[:maincpu] ':maincpu' (8FB0): unmapped xdata memory write to 039A = 00 & FF
[:maincpu] ':maincpu' (8FB0): unmapped xdata memory write to 039B = 00 & FF
[:maincpu] ':maincpu' (8FB0): unmapped xdata memory write to 039C = 00 & FF
[:maincpu] ':maincpu' (8FB0): unmapped xdata memory write to 039D = 00 & FF
[:maincpu] ':maincpu' (8FB0): unmapped xdata memory write to 039E = 00 & FF
[:maincpu] ':maincpu' (8FB0): unmapped xdata memory write to 039F = 00 & FF
[:maincpu] ':maincpu' (8FB0): unmapped xdata memory write to 03A0 = 00 & FF
[:maincpu] ':maincpu' (8FB0): unmapped xdata memory write to 03A1 = 00 & FF
[:maincpu] ':maincpu' (8FB0): unmapped xdata memory write to 03A2 = 00 & FF
[:maincpu] ':maincpu' (8FB0): unmapped xdata memory write to 03A3 = 00 & FF
[:maincpu] ':maincpu' (8FB0): unmapped xdata memory write to 03A4 = 00 & FF
[:maincpu] ':maincpu' (8FB0): unmapped xdata memory write to 03A5 = 00 & FF
[:maincpu] ':maincpu' (8FB0): unmapped xdata memory write to 03A6 = 00 & FF
[:maincpu] ':maincpu' (8FB0): unmapped xdata memory write to 03A7 = 00 & FF
[:maincpu] ':maincpu' (8FB0): unmapped xdata memory write to 03A8 = 00 & FF
[:maincpu] ':maincpu' (8FB0): unmapped xdata memory write to 03A9 = 00 & FF
[:maincpu] ':maincpu' (8FB0): unmapped xdata memory write to 03AA = 00 & FF
[:maincpu] ':maincpu' (8FB0): unmapped xdata memory write to 03AB = 00 & FF
[:maincpu] ':maincpu' (8FB0): unmapped xdata memory write to 03AC = 00 & FF
[:maincpu] ':maincpu' (8FB0): unmapped xdata memory write to 03AD = 00 & FF
[:maincpu] ':maincpu' (8FB0): unmapped xdata memory write to 03AE = 00 & FF
[:maincpu] ':maincpu' (8FB0): unmapped xdata memory write to 03AF = 00 & FF
[:maincpu] ':maincpu' (8FB0): unmapped xdata memory write to 03B0 = 00 & FF
[:maincpu] ':maincpu' (8FB0): unmapped xdata memory write to 03B1 = 00 & FF
[:maincpu] ':maincpu' (8FB0): unmapped xdata memory write to 03B2 = 00 & FF
[:maincpu] ':maincpu' (8FB0): unmapped xdata memory write to 03B3 = 00 & FF
[:maincpu] ':maincpu' (8FB0): unmapped xdata memory write to 03B4 = 00 & FF
[:maincpu] ':maincpu' (8FB0): unmapped xdata memory write to 03B5 = 00 & FF
[:maincpu] ':maincpu' (8FB0): unmapped xdata memory write to 03B6 = 00 & FF
[:maincpu] ':maincpu' (8FB0): unmapped xdata memory write to 03B7 = 00 & FF
[:maincpu] ':maincpu' (8FB0): unmapped xdata memory write to 03B8 = 00 & FF
[:maincpu] ':maincpu' (8FB0): unmapped xdata memory write to 03B9 = 00 & FF
[:maincpu] ':maincpu' (8FB0): unmapped xdata memory write to 03BA = 00 & FF
[:maincpu] ':maincpu' (8FB0): unmapped xdata memory write to 03BB = 00 & FF
[:maincpu] ':maincpu' (8FB0): unmapped xdata memory write to 03BC = 00 & FF
[:maincpu] ':maincpu' (8FB0): unmapped xdata memory write to 03BD = 00 & FF
[:maincpu] ':maincpu' (8FB0): unmapped xdata memory write to 03BE = 00 & FF
[:maincpu] ':maincpu' (8FB0): unmapped xdata memory write to 03BF = 00 & FF
[:maincpu] ':maincpu' (8FB0): unmapped xdata memory write to 03C0 = 00 & FF
[:maincpu] ':maincpu' (8FB0): unmapped xdata memory write to 03C1 = 00 & FF
[:maincpu] ':maincpu' (8FB0): unmapped xdata memory write to 03C2 = 00 & FF
[:maincpu] ':maincpu' (8FB0): unmapped xdata memory write to 03C3 = 00 & FF
[:maincpu] ':maincpu' (8FB0): unmapped xdata memory write to 03C4 = 00 & FF
[:maincpu] ':maincpu' (8FB0): unmapped xdata memory write to 03C5 = 00 & FF
[:maincpu] ':maincpu' (8FB0): unmapped xdata memory write to 03C6 = 00 & FF
[:maincpu] ':maincpu' (8FB0): unmapped xdata memory write to 03C7 = 00 & FF
[:maincpu] ':maincpu' (8FB0): unmapped xdata memory write to 03C8 = 00 & FF
[:maincpu] ':maincpu' (8FB0): unmapped xdata memory write to 03C9 = 00 & FF
[:maincpu] ':maincpu' (8FB0): unmapped xdata memory write to 03CA = 00 & FF
[:maincpu] ':maincpu' (8FB0): unmapped xdata memory write to 03CB = 00 & FF
[:maincpu] ':maincpu' (8FB0): unmapped xdata memory write to 03CC = 00 & FF
[:maincpu] ':maincpu' (8FB0): unmapped xdata memory write to 03CD = 00 & FF
[:maincpu] ':maincpu' (8FB0): unmapped xdata memory write to 03CE = 00 & FF
[:maincpu] ':maincpu' (8FB0): unmapped xdata memory write to 03CF = 00 & FF
[:maincpu] ':maincpu' (8FB0): unmapped xdata memory write to 03D0 = 00 & FF
[:maincpu] ':maincpu' (8FB0): unmapped xdata memory write to 03D1 = 00 & FF
[:maincpu] ':maincpu' (8FB0): unmapped xdata memory write to 03D2 = 00 & FF
[:maincpu] ':maincpu' (8FB0): unmapped xdata memory write to 03D3 = 00 & FF
[:maincpu] ':maincpu' (8FB0): unmapped xdata memory write to 03D4 = 00 & FF
[:maincpu] ':maincpu' (8FB0): unmapped xdata memory write to 03D5 = 00 & FF
[:maincpu] ':maincpu' (8FB0): unmapped xdata memory write to 03D6 = 00 & FF
[:maincpu] ':maincpu' (8FB0): unmapped xdata memory write to 03D7 = 00 & FF
[:maincpu] ':maincpu' (8FB0): unmapped xdata memory write to 03D8 = 00 & FF
[:maincpu] ':maincpu' (8FB0): unmapped xdata memory write to 03D9 = 00 & FF
[:maincpu] ':maincpu' (8FB0): unmapped xdata memory write to 03DA = 00 & FF
[:maincpu] ':maincpu' (8FB0): unmapped xdata memory write to 03DB = 00 & FF
[:maincpu] ':maincpu' (8FB0): unmapped xdata memory write to 03DC = 00 & FF
[:maincpu] ':maincpu' (8FB0): unmapped xdata memory write to 03DD = 00 & FF
[:maincpu] ':maincpu' (8FB0): unmapped xdata memory write to 03DE = 00 & FF
[:maincpu] ':maincpu' (8FB0): unmapped xdata memory write to 03DF = 00 & FF
[:maincpu] ':maincpu' (8FB0): unmapped xdata memory write to 03E0 = 00 & FF
[:maincpu] ':maincpu' (8FB0): unmapped xdata memory write to 03E1 = 00 & FF
[:maincpu] ':maincpu' (8FB0): unmapped xdata memory write to 03E2 = 00 & FF
[:maincpu] ':maincpu' (8FB0): unmapped xdata memory write to 03E3 = 00 & FF
[:maincpu] ':maincpu' (8FB0): unmapped xdata memory write to 03E4 = 00 & FF
[:maincpu] ':maincpu' (8FB0): unmapped xdata memory write to 03E5 = 00 & FF
[:maincpu] ':maincpu' (8FB0): unmapped xdata memory write to 03E6 = 00 & FF
[:maincpu] ':maincpu' (8FB0): unmapped xdata memory write to 03E7 = 00 & FF
[:maincpu] ':maincpu' (8FB0): unmapped xdata memory write to 03E8 = 00 & FF
[:maincpu] ':maincpu' (8FB0): unmapped xdata memory write to 03E9 = 00 & FF
[:maincpu] ':maincpu' (8FB0): unmapped xdata memory write to 03EA = 00 & FF
[:maincpu] ':maincpu' (8FB0): unmapped xdata memory write to 03EB = 00 & FF
[:maincpu] ':maincpu' (8FB0): unmapped xdata memory write to 03EC = 00 & FF
[:maincpu] ':maincpu' (8FB0): unmapped xdata memory write to 03ED = 00 & FF
[:maincpu] ':maincpu' (8FB0): unmapped xdata memory write to 03EE = 00 & FF
[:maincpu] ':maincpu' (8FB0): unmapped xdata memory write to 03EF = 00 & FF
[:maincpu] ':maincpu' (8FB0): unmapped xdata memory write to 03F0 = 00 & FF
[:maincpu] ':maincpu' (8FB0): unmapped xdata memory write to 03F1 = 00 & FF
[:maincpu] ':maincpu' (8FB0): unmapped xdata memory write to 03F2 = 00 & FF
[:maincpu] ':maincpu' (8FB0): unmapped xdata memory write to 03F3 = 00 & FF
[:maincpu] ':maincpu' (8FB0): unmapped xdata memory write to 03F4 = 00 & FF
[:maincpu] ':maincpu' (8FB0): unmapped xdata memory write to 03F5 = 00 & FF
[:maincpu] ':maincpu' (8FB0): unmapped xdata memory write to 03F6 = 00 & FF
[:maincpu] ':maincpu' (8FB0): unmapped xdata memory write to 03F7 = 00 & FF
[:maincpu] ':maincpu' (8FB0): unmapped xdata memory write to 03F8 = 00 & FF
[:maincpu] ':maincpu' (8FB0): unmapped xdata memory write to 03F9 = 00 & FF
[:maincpu] ':maincpu' (8FB0): unmapped xdata memory write to 03FA = 00 & FF
[:maincpu] ':maincpu' (8FB0): unmapped xdata memory write to 03FB = 00 & FF
[:maincpu] ':maincpu' (8FB0): unmapped xdata memory write to 03FC = 00 & FF
[:maincpu] ':maincpu' (8FB0): unmapped xdata memory write to 03FD = 00 & FF
[:maincpu] ':maincpu' (8FB0): unmapped xdata memory write to 03FE = 00 & FF
[:maincpu] ':maincpu' (8FB0): unmapped xdata memory write to 03FF = 00 & FF
[:maincpu] ':maincpu' (8FBF): unmapped xdata memory write to 00F2 = 03 & FF
[:maincpu] ':maincpu' (8FC3): unmapped xdata memory write to 00F3 = 00 & FF
[:maincpu] ':maincpu' (8FC7): unmapped xdata memory write to 002F = 00 & FF
[:maincpu] write of un-hooked port 2 02
[:maincpu] ':maincpu' (8FCF): unmapped xdata memory write to 0225 = 55 & FF
[:maincpu] write of un-hooked port 2 00
[:maincpu] write of un-hooked port 2 00
[:maincpu] ':maincpu' (8183): unmapped xdata memory write to 0080 = 00 & FF
[:maincpu] ':maincpu' (8189): unmapped xdata memory write to 0081 = 01 & FF
[:maincpu] ':maincpu' (818D): unmapped xdata memory write to 0082 = 0A & FF
[:maincpu] ':maincpu' (8190): unmapped xdata memory write to 0083 = 00 & FF
[:maincpu] ':maincpu' (8192): unmapped xdata memory write to 0084 = 00 & FF
[:maincpu] ':maincpu' (8197): unmapped xdata memory write to 0085 = 14 & FF
[:maincpu] ':maincpu' (8FDB): unmapped xdata memory write to 00C3 = B4 & FF
[:maincpu] ':maincpu' (8FDF): unmapped xdata memory write to 00C4 = 64 & FF
[:maincpu] ':maincpu' (8FE1): unmapped xdata memory write to 00C5 = 64 & FF
[:maincpu] ':maincpu' (8FE4): unmapped xdata memory read from 00C2 & FF
[:maincpu] ':maincpu' (8FED): unmapped xdata memory write to 00C2 = 00 & FF
[:maincpu] ':maincpu' (8FF1): unmapped xdata memory write to 008C = 00 & FF
[:maincpu] ':maincpu' (8FF7): unmapped xdata memory write to 00DB = 1E & FF
[:maincpu] ':maincpu' (8FFB): unmapped xdata memory write to 00DC = 64 & FF
[:maincpu] ':maincpu' (8FFD): unmapped xdata memory write to 00DD = 64 & FF
[:maincpu] ':maincpu' (9003): unmapped xdata memory write to 00F7 = 01 & FF
[:maincpu] ':maincpu' (9007): unmapped xdata memory write to 00F8 = 0A & FF
[:maincpu] ':maincpu' (9009): unmapped xdata memory write to 00F9 = 0A & FF
[:maincpu] ':maincpu' (900F): unmapped xdata memory write to 00F4 = 01 & FF
[:maincpu] ':maincpu' (9013): unmapped xdata memory write to 00F5 = 0A & FF
[:maincpu] ':maincpu' (9015): unmapped xdata memory write to 00F6 = 0A & FF
[:maincpu] write of un-hooked port 2 01
[:maincpu] ':maincpu' (78BB): unmapped xdata memory write to 0110 = 00 & FF
[:maincpu] write of un-hooked port 2 00
[:maincpu] ':maincpu' (78C4): unmapped xdata memory write to 0111 = 1E & FF
[:maincpu] ':maincpu' (78CA): unmapped xdata memory write to 0112 = 80 & FF
[:maincpu] ':maincpu' (78CC): unmapped xdata memory write to 0113 = 80 & FF
[:maincpu] ':maincpu' (78CE): unmapped xdata memory write to 0114 = 80 & FF
[:maincpu] write of un-hooked port 1 ff
[:maincpu] write of un-hooked port 3 ff
[:maincpu] write of un-hooked port 4 ff
[:maincpu] read of un-hooked port 5 (PC=5CB9)
[:maincpu] write of un-hooked port 5 ff
[:maincpu] read of un-hooked port 3 (PC=5CD6)
[:maincpu] read of un-hooked port 3 (PC=5CD6)
[:maincpu] read of un-hooked port 3 (PC=5CD9)
[:maincpu] read of un-hooked port 3 (PC=5CD9)
[:maincpu] read of un-hooked port 3 (PC=5CDC)
[:maincpu] read of un-hooked port 3 (PC=5CDC)
[:maincpu] read of un-hooked port 3 (PC=5CDF)
[:maincpu] read of un-hooked port 3 (PC=5CDF)
[:maincpu] read of un-hooked port 3 (PC=5CE2)
[:maincpu] read of un-hooked port 3 (PC=5CE2)
[:maincpu] write of un-hooked port 2 a0
[:maincpu] read of un-hooked port 3 (PC=5CE5)
[:maincpu] read of un-hooked port 3 (PC=5CE5)
[:maincpu] read of un-hooked port 3 (PC=5CE8)
[:maincpu] read of un-hooked port 3 (PC=5CEA)
[:maincpu] read of un-hooked port 3 (PC=5CEA)
[:maincpu] read of un-hooked port 3 (PC=5CEB)
[:maincpu] read of un-hooked port 3 (PC=5CED)
[:maincpu] read of un-hooked port 3 (PC=5CEF)
[:maincpu] read of un-hooked port 3 (PC=5CEF)
[:maincpu] read of un-hooked port 3 (PC=5CF1)
[:maincpu] read of un-hooked port 3 (PC=5CF3)
[:maincpu] read of un-hooked port 5 (PC=5CF5)
[:maincpu] write of un-hooked port 5 ff
[:maincpu] read of un-hooked port 3 (PC=5CF5)
[:maincpu] read of un-hooked port 3 (PC=5CF7)
[:maincpu] read of un-hooked port 3 (PC=5CF9)
[:maincpu] read of un-hooked port 3 (PC=5CF9)
[:maincpu] read of un-hooked port 3 (PC=5CFB)
[:maincpu] read of un-hooked port 3 (PC=5CFB)
[:maincpu] read of un-hooked port 3 (PC=5CFD)
[:maincpu] read of un-hooked port 3 (PC=5CFD)
[:maincpu] read of un-hooked port 3 (PC=5D00)
[:maincpu] read of un-hooked port 3 (PC=5D00)
[:maincpu] read of un-hooked port 3 (PC=5D03)
[:maincpu] read of un-hooked port 3 (PC=5D03)
[:maincpu] read of un-hooked port 3 (PC=5D04)
[:maincpu] read of un-hooked port 3 (PC=5D04)
[:maincpu] read of un-hooked port 3 (PC=5D06)
[:maincpu] read of un-hooked port 3 (PC=5D06)
[:maincpu] read of un-hooked port 3 (PC=5D08)
[:maincpu] read of un-hooked port 3 (PC=5D08)
[:maincpu] write of un-hooked port 2 a0
[:maincpu] read of un-hooked port 3 (PC=5CE5)
[:maincpu] read of un-hooked port 3 (PC=5CE5)
[:maincpu] read of un-hooked port 3 (PC=5CE8)
[:maincpu] read of un-hooked port 3 (PC=5CEA)
[:maincpu] read of un-hooked port 3 (PC=5CEA)
[:maincpu] read of un-hooked port 3 (PC=5CEB)
[:maincpu] read of un-hooked port 3 (PC=5CED)
[:maincpu] read of un-hooked port 3 (PC=5CEF)
[:maincpu] read of un-hooked port 3 (PC=5CEF)
[:maincpu] read of un-hooked port 3 (PC=5CF1)
[:maincpu] read of un-hooked port 3 (PC=5CF3)
[:maincpu] read of un-hooked port 5 (PC=5CF5)
[:maincpu] write of un-hooked port 5 ff
[:maincpu] read of un-hooked port 3 (PC=5CF5)
[:maincpu] read of un-hooked port 3 (PC=5CF7)
[:maincpu] read of un-hooked port 3 (PC=5CF9)
[:maincpu] read of un-hooked port 3 (PC=5CF9)
[:maincpu] read of un-hooked port 3 (PC=5CFB)
[:maincpu] read of un-hooked port 3 (PC=5CFB)
[:maincpu] read of un-hooked port 3 (PC=5CFD)
[:maincpu] read of un-hooked port 3 (PC=5CFD)
[:maincpu] read of un-hooked port 3 (PC=5D00)
[:maincpu] read of un-hooked port 3 (PC=5D00)
[:maincpu] read of un-hooked port 3 (PC=5D03)
[:maincpu] read of un-hooked port 3 (PC=5D03)
[:maincpu] read of un-hooked port 3 (PC=5D04)
[:maincpu] read of un-hooked port 3 (PC=5D04)
[:maincpu] read of un-hooked port 3 (PC=5D06)
[:maincpu] read of un-hooked port 3 (PC=5D06)
[:maincpu] read of un-hooked port 3 (PC=5D08)
[:maincpu] read of un-hooked port 3 (PC=5D08)
[:maincpu] write of un-hooked port 2 a0
[:maincpu] read of un-hooked port 3 (PC=5CE5)
[:maincpu] read of un-hooked port 3 (PC=5CE5)
[:maincpu] read of un-hooked port 3 (PC=5CE8)
[:maincpu] read of un-hooked port 3 (PC=5CEA)
[:maincpu] read of un-hooked port 3 (PC=5CEA)
[:maincpu] read of un-hooked port 3 (PC=5CEB)
[:maincpu] read of un-hooked port 3 (PC=5CED)
[:maincpu] read of un-hooked port 3 (PC=5CEF)
[:maincpu] read of un-hooked port 3 (PC=5CEF)
[:maincpu] read of un-hooked port 3 (PC=5CF1)
[:maincpu] read of un-hooked port 3 (PC=5CF3)
[:maincpu] read of un-hooked port 5 (PC=5CF5)
[:maincpu] write of un-hooked port 5 ff
[:maincpu] read of un-hooked port 3 (PC=5CF5)
[:maincpu] read of un-hooked port 3 (PC=5CF7)
[:maincpu] read of un-hooked port 3 (PC=5CF9)
[:maincpu] read of un-hooked port 3 (PC=5CF9)
[:maincpu] read of un-hooked port 3 (PC=5CFB)
[:maincpu] read of un-hooked port 3 (PC=5CFB)
[:maincpu] read of un-hooked port 3 (PC=5CFD)
[:maincpu] read of un-hooked port 3 (PC=5CFD)
[:maincpu] read of un-hooked port 3 (PC=5D00)
[:maincpu] read of un-hooked port 3 (PC=5D00)
[:maincpu] read of un-hooked port 3 (PC=5D03)
[:maincpu] read of un-hooked port 3 (PC=5D03)
[:maincpu] read of un-hooked port 3 (PC=5D04)
[:maincpu] read of un-hooked port 3 (PC=5D04)
[:maincpu] read of un-hooked port 3 (PC=5D06)
[:maincpu] read of un-hooked port 3 (PC=5D06)
[:maincpu] read of un-hooked port 3 (PC=5D08)
[:maincpu] read of un-hooked port 3 (PC=5D08)
[:maincpu] write of un-hooked port 2 a0
[:maincpu] read of un-hooked port 3 (PC=5CE5)
[:maincpu] read of un-hooked port 3 (PC=5CE5)
[:maincpu] read of un-hooked port 3 (PC=5CE8)
[:maincpu] read of un-hooked port 3 (PC=5CEA)
[:maincpu] read of un-hooked port 3 (PC=5CEA)
[:maincpu] read of un-hooked port 3 (PC=5CEB)
[:maincpu] read of un-hooked port 3 (PC=5CED)
[:maincpu] read of un-hooked port 3 (PC=5CEF)
[:maincpu] read of un-hooked port 3 (PC=5CEF)
[:maincpu] read of un-hooked port 3 (PC=5CF1)
[:maincpu] read of un-hooked port 3 (PC=5CF3)
[:maincpu] read of un-hooked port 5 (PC=5CF5)
[:maincpu] write of un-hooked port 5 ff
[:maincpu] read of un-hooked port 3 (PC=5CF5)
[:maincpu] read of un-hooked port 3 (PC=5CF7)
[:maincpu] read of un-hooked port 3 (PC=5CF9)
[:maincpu] read of un-hooked port 3 (PC=5CF9)
[:maincpu] read of un-hooked port 3 (PC=5CFB)
[:maincpu] read of un-hooked port 3 (PC=5CFB)
[:maincpu] read of un-hooked port 3 (PC=5CFD)
[:maincpu] read of un-hooked port 3 (PC=5CFD)
[:maincpu] read of un-hooked port 3 (PC=5D00)
[:maincpu] read of un-hooked port 3 (PC=5D00)
[:maincpu] read of un-hooked port 3 (PC=5D03)
[:maincpu] read of un-hooked port 3 (PC=5D03)
[:maincpu] read of un-hooked port 3 (PC=5D04)
[:maincpu] read of un-hooked port 3 (PC=5D04)
[:maincpu] read of un-hooked port 3 (PC=5D06)
[:maincpu] read of un-hooked port 3 (PC=5D06)
[:maincpu] read of un-hooked port 3 (PC=5D08)
[:maincpu] read of un-hooked port 3 (PC=5D08)
[:maincpu] write of un-hooked port 2 a0
[:maincpu] read of un-hooked port 3 (PC=5CE5)
[:maincpu] read of un-hooked port 3 (PC=5CE5)
[:maincpu] read of un-hooked port 3 (PC=5CE8)
[:maincpu] read of un-hooked port 3 (PC=5CEA)
[:maincpu] read of un-hooked port 3 (PC=5CEA)
[:maincpu] read of un-hooked port 3 (PC=5CEB)
[:maincpu] read of un-hooked port 3 (PC=5CED)
[:maincpu] read of un-hooked port 3 (PC=5CEF)
[:maincpu] read of un-hooked port 3 (PC=5CEF)
[:maincpu] read of un-hooked port 3 (PC=5CF1)
[:maincpu] read of un-hooked port 3 (PC=5CF3)
[:maincpu] read of un-hooked port 5 (PC=5CF5)
[:maincpu] write of un-hooked port 5 ff
[:maincpu] read of un-hooked port 3 (PC=5CF5)
[:maincpu] read of un-hooked port 3 (PC=5CF7)
[:maincpu] read of un-hooked port 3 (PC=5CF9)
[:maincpu] read of un-hooked port 3 (PC=5CF9)
[:maincpu] read of un-hooked port 3 (PC=5CFB)
[:maincpu] read of un-hooked port 3 (PC=5CFB)
[:maincpu] read of un-hooked port 3 (PC=5CFD)
[:maincpu] read of un-hooked port 3 (PC=5CFD)
[:maincpu] read of un-hooked port 3 (PC=5D00)
[:maincpu] read of un-hooked port 3 (PC=5D00)
[:maincpu] read of un-hooked port 3 (PC=5D03)
[:maincpu] read of un-hooked port 3 (PC=5D03)
[:maincpu] read of un-hooked port 3 (PC=5D04)
[:maincpu] read of un-hooked port 3 (PC=5D04)
[:maincpu] read of un-hooked port 3 (PC=5D06)
[:maincpu] read of un-hooked port 3 (PC=5D06)
[:maincpu] read of un-hooked port 3 (PC=5D08)
[:maincpu] read of un-hooked port 3 (PC=5D08)
[:maincpu] write of un-hooked port 2 a0
[:maincpu] read of un-hooked port 3 (PC=5CE5)
[:maincpu] read of un-hooked port 3 (PC=5CE5)
[:maincpu] read of un-hooked port 3 (PC=5CE8)
[:maincpu] read of un-hooked port 3 (PC=5CEA)
[:maincpu] read of un-hooked port 3 (PC=5CEA)
[:maincpu] read of un-hooked port 3 (PC=5CEB)
[:maincpu] read of un-hooked port 3 (PC=5CED)
[:maincpu] read of un-hooked port 3 (PC=5CEF)
[:maincpu] read of un-hooked port 3 (PC=5CEF)
[:maincpu] read of un-hooked port 3 (PC=5CF1)
[:maincpu] read of un-hooked port 3 (PC=5CF3)
[:maincpu] read of un-hooked port 5 (PC=5CF5)
[:maincpu] write of un-hooked port 5 ff
[:maincpu] read of un-hooked port 3 (PC=5CF5)
[:maincpu] read of un-hooked port 3 (PC=5CF7)
[:maincpu] read of un-hooked port 3 (PC=5CF9)
[:maincpu] read of un-hooked port 3 (PC=5CF9)
[:maincpu] read of un-hooked port 3 (PC=5CFB)
[:maincpu] read of un-hooked port 3 (PC=5CFB)
[:maincpu] read of un-hooked port 3 (PC=5CFD)
[:maincpu] read of un-hooked port 3 (PC=5CFD)
[:maincpu] read of un-hooked port 3 (PC=5D00)
[:maincpu] read of un-hooked port 3 (PC=5D00)
[:maincpu] read of un-hooked port 3 (PC=5D03)
[:maincpu] read of un-hooked port 3 (PC=5D03)
[:maincpu] read of un-hooked port 3 (PC=5D04)
[:maincpu] read of un-hooked port 3 (PC=5D04)
[:maincpu] read of un-hooked port 3 (PC=5D06)
[:maincpu] read of un-hooked port 3 (PC=5D06)
[:maincpu] read of un-hooked port 3 (PC=5D08)
[:maincpu] read of un-hooked port 3 (PC=5D08)
[:maincpu] write of un-hooked port 2 a0
[:maincpu] read of un-hooked port 3 (PC=5CE5)
[:maincpu] read of un-hooked port 3 (PC=5CE5)
[:maincpu] read of un-hooked port 3 (PC=5CE8)
[:maincpu] read of un-hooked port 3 (PC=5CEA)
[:maincpu] read of un-hooked port 3 (PC=5CEA)
[:maincpu] read of un-hooked port 3 (PC=5CEB)
[:maincpu] read of un-hooked port 3 (PC=5CED)
[:maincpu] read of un-hooked port 3 (PC=5CEF)
[:maincpu] read of un-hooked port 3 (PC=5CEF)
[:maincpu] read of un-hooked port 3 (PC=5CF1)
[:maincpu] read of un-hooked port 3 (PC=5CF3)
[:maincpu] read of un-hooked port 5 (PC=5CF5)
[:maincpu] write of un-hooked port 5 ff
[:maincpu] read of un-hooked port 3 (PC=5CF5)
[:maincpu] read of un-hooked port 3 (PC=5CF7)
[:maincpu] read of un-hooked port 3 (PC=5CF9)
[:maincpu] read of un-hooked port 3 (PC=5CF9)
[:maincpu] read of un-hooked port 3 (PC=5CFB)
[:maincpu] read of un-hooked port 3 (PC=5CFB)
[:maincpu] read of un-hooked port 3 (PC=5CFD)
[:maincpu] read of un-hooked port 3 (PC=5CFD)
[:maincpu] read of un-hooked port 3 (PC=5D00)
[:maincpu] read of un-hooked port 3 (PC=5D00)
[:maincpu] read of un-hooked port 3 (PC=5D03)
[:maincpu] read of un-hooked port 3 (PC=5D03)
[:maincpu] read of un-hooked port 3 (PC=5D04)
[:maincpu] read of un-hooked port 3 (PC=5D04)
[:maincpu] read of un-hooked port 3 (PC=5D06)
[:maincpu] read of un-hooked port 3 (PC=5D06)
[:maincpu] read of un-hooked port 3 (PC=5D08)
[:maincpu] read of un-hooked port 3 (PC=5D08)
[:maincpu] write of un-hooked port 2 a0
[:maincpu] read of un-hooked port 3 (PC=5CE5)
[:maincpu] read of un-hooked port 3 (PC=5CE5)
[:maincpu] read of un-hooked port 3 (PC=5CE8)
[:maincpu] read of un-hooked port 3 (PC=5CEA)
[:maincpu] read of un-hooked port 3 (PC=5CEA)
[:maincpu] read of un-hooked port 3 (PC=5CEB)
[:maincpu] read of un-hooked port 3 (PC=5CED)
[:maincpu] read of un-hooked port 3 (PC=5CEF)
[:maincpu] read of un-hooked port 3 (PC=5CEF)
[:maincpu] read of un-hooked port 3 (PC=5CF1)
[:maincpu] read of un-hooked port 3 (PC=5CF3)
[:maincpu] read of un-hooked port 5 (PC=5CF5)
[:maincpu] write of un-hooked port 5 ff
[:maincpu] read of un-hooked port 3 (PC=5CF5)
[:maincpu] read of un-hooked port 3 (PC=5CF7)
[:maincpu] read of un-hooked port 3 (PC=5CF9)
[:maincpu] read of un-hooked port 3 (PC=5CF9)
[:maincpu] read of un-hooked port 3 (PC=5CFB)
[:maincpu] read of un-hooked port 3 (PC=5CFB)
[:maincpu] read of un-hooked port 3 (PC=5CFD)
[:maincpu] read of un-hooked port 3 (PC=5CFD)
[:maincpu] read of un-hooked port 3 (PC=5D00)
[:maincpu] read of un-hooked port 3 (PC=5D00)
[:maincpu] read of un-hooked port 3 (PC=5D03)
[:maincpu] read of un-hooked port 3 (PC=5D03)
[:maincpu] read of un-hooked port 3 (PC=5D04)
[:maincpu] read of un-hooked port 3 (PC=5D04)
[:maincpu] read of un-hooked port 3 (PC=5D06)
[:maincpu] read of un-hooked port 3 (PC=5D06)
[:maincpu] read of un-hooked port 3 (PC=5D08)
[:maincpu] read of un-hooked port 3 (PC=5D08)
[:maincpu] write of un-hooked port 2 a0
[:maincpu] read of un-hooked port 3 (PC=5CE5)
[:maincpu] read of un-hooked port 3 (PC=5CE5)
[:maincpu] read of un-hooked port 3 (PC=5CE8)
[:maincpu] read of un-hooked port 3 (PC=5CEA)
[:maincpu] read of un-hooked port 3 (PC=5CEA)
[:maincpu] read of un-hooked port 3 (PC=5CEB)
[:maincpu] read of un-hooked port 3 (PC=5CED)
[:maincpu] read of un-hooked port 3 (PC=5CEF)
[:maincpu] read of un-hooked port 3 (PC=5CEF)
[:maincpu] read of un-hooked port 3 (PC=5CF1)
[:maincpu] read of un-hooked port 3 (PC=5CF3)
[:maincpu] read of un-hooked port 5 (PC=5CF5)
[:maincpu] write of un-hooked port 5 ff
[:maincpu] read of un-hooked port 3 (PC=5CF5)
[:maincpu] read of un-hooked port 3 (PC=5CF7)
[:maincpu] read of un-hooked port 3 (PC=5CF9)
[:maincpu] read of un-hooked port 3 (PC=5CF9)
[:maincpu] read of un-hooked port 3 (PC=5CFB)
[:maincpu] read of un-hooked port 3 (PC=5CFB)
[:maincpu] read of un-hooked port 3 (PC=5CFD)
[:maincpu] read of un-hooked port 3 (PC=5CFD)
[:maincpu] read of un-hooked port 3 (PC=5D00)
[:maincpu] read of un-hooked port 3 (PC=5D00)
[:maincpu] read of un-hooked port 3 (PC=5D03)
[:maincpu] read of un-hooked port 3 (PC=5D03)
[:maincpu] read of un-hooked port 3 (PC=5D04)
[:maincpu] read of un-hooked port 3 (PC=5D04)
[:maincpu] read of un-hooked port 3 (PC=5D06)
[:maincpu] read of un-hooked port 3 (PC=5D06)
[:maincpu] read of un-hooked port 3 (PC=5D08)
[:maincpu] read of un-hooked port 3 (PC=5D08)
[:maincpu] write of un-hooked port 2 a0
[:maincpu] read of un-hooked port 3 (PC=5CE5)
[:maincpu] read of un-hooked port 3 (PC=5CE5)
